Archive member included because of file (symbol)

../../../../Atmel Studio/Libs/ArduinoCore\libcore.a(wiring.c.o)
                              RxDuino.o (millis)
../../../../Atmel Studio/Libs/ArduinoCore\libcore.a(HardwareSerial.cpp.o)
                              RxDuino.o (Serial)
../../../../Atmel Studio/Libs/ArduinoCore\libcore.a(main.cpp.o)
                              c:/program files (x86)/atmel/avr tools/avr toolchain/bin/../lib/gcc/avr/4.6.2/../../../../avr/lib/avr5/crtm328p.o (main)
../../../../Atmel Studio/Libs/ArduinoCore\libcore.a(new.cpp.o)
                              ../../../../Atmel Studio/Libs/ArduinoCore\libcore.a(HardwareSerial.cpp.o) (__cxa_pure_virtual)
../../../../Atmel Studio/Libs/ArduinoCore\libcore.a(Print.cpp.o)
                              ../../../../Atmel Studio/Libs/ArduinoCore\libcore.a(HardwareSerial.cpp.o) (Print::write(unsigned char const*, unsigned int))
../../../../Atmel Studio/Libs/ArduinoCore\libcore.a(WString.cpp.o)
                              ../../../../Atmel Studio/Libs/ArduinoCore\libcore.a(Print.cpp.o) (String::operator[](unsigned int) const)
../../RxDuinoLibs/Debug\libRxduinoLibs.a(MCP2515.o)
                              RxDuino.o (MCP2515::setMode(CanMode const&))
../../RxDuinoLibs/Debug\libRxduinoLibs.a(canbus_message.o)
                              RxDuino.o (CanbusMessage::getEngineData(unsigned int const&, String&, MCP2515&, int const&))
../../RxDuinoLibs/Debug\libRxduinoLibs.a(clock_methods.o)
                              RxDuino.o (ClockMethods::initClockVars())
../../RxDuinoLibs/Debug\libRxduinoLibs.a(cruisecontrol_methods.o)
                              RxDuino.o (CruiseControlMethods::getCCButton(Frame&, MCP2515&))
../../RxDuinoLibs/Debug\libRxduinoLibs.a(debug_methods.o)
                              RxDuino.o (DebugMethods::serialDebug(char const*, ...))
../../RxDuinoLibs/Debug\libRxduinoLibs.a(lcd_methods.o)
                              RxDuino.o (LCDMethods::setLcdMessage(char const*, char const*, MCP2515&, int const&))
../../RxDuinoLibs/Debug\libRxduinoLibs.a(mil_methods.o)
                              RxDuino.o (MILMethods::clearMILCodes(MCP2515&, MCP2515&))
../../RxDuinoLibs/Debug\libRxduinoLibs.a(rxduino_methods.o)
                              ../../RxDuinoLibs/Debug\libRxduinoLibs.a(canbus_message.o) (RxduinoMethods::enableHSCAN())
../../RxDuinoLibs/Debug\libRxduinoLibs.a(tpms_methods.o)
                              RxDuino.o (TPMSMethods::getWheelTemp(int const&, int const&, MCP2515&, MCP2515&))
../../RxDuinoLibs/Debug\libRxduinoLibs.a(SPI.o)
                              ../../RxDuinoLibs/Debug\libRxduinoLibs.a(rxduino_methods.o) (SPIClass::begin())
../../RxDuinoLibs/Debug\libRxduinoLibs.a(can_methods.o)
                              ../../RxDuinoLibs/Debug\libRxduinoLibs.a(lcd_methods.o) (CANMethods::initLcdForMessaging(Frame&))
../../../../Atmel Studio/Libs/ArduinoCore\libcore.a(wiring_digital.c.o)
                              ../../RxDuinoLibs/Debug\libRxduinoLibs.a(rxduino_methods.o) (pinMode)
c:/program files (x86)/atmel/avr tools/avr toolchain/bin/../lib/gcc/avr/4.6.2/../../../../avr/lib/avr5\libm.a(addsf3.o)
                              ../../../../Atmel Studio/Libs/ArduinoCore\libcore.a(Print.cpp.o) (__subsf3)
c:/program files (x86)/atmel/avr tools/avr toolchain/bin/../lib/gcc/avr/4.6.2/../../../../avr/lib/avr5\libm.a(addsf3x.o)
                              c:/program files (x86)/atmel/avr tools/avr toolchain/bin/../lib/gcc/avr/4.6.2/../../../../avr/lib/avr5\libm.a(addsf3.o) (__addsf3x)
c:/program files (x86)/atmel/avr tools/avr toolchain/bin/../lib/gcc/avr/4.6.2/../../../../avr/lib/avr5\libm.a(cmpsf2.o)
                              ../../RxDuinoLibs/Debug\libRxduinoLibs.a(canbus_message.o) (__nesf2)
c:/program files (x86)/atmel/avr tools/avr toolchain/bin/../lib/gcc/avr/4.6.2/../../../../avr/lib/avr5\libm.a(divsf3.o)
                              ../../../../Atmel Studio/Libs/ArduinoCore\libcore.a(Print.cpp.o) (__divsf3)
c:/program files (x86)/atmel/avr tools/avr toolchain/bin/../lib/gcc/avr/4.6.2/../../../../avr/lib/avr5\libm.a(divsf3x.o)
                              c:/program files (x86)/atmel/avr tools/avr toolchain/bin/../lib/gcc/avr/4.6.2/../../../../avr/lib/avr5\libm.a(divsf3.o) (__divsf3x)
c:/program files (x86)/atmel/avr tools/avr toolchain/bin/../lib/gcc/avr/4.6.2/../../../../avr/lib/avr5\libm.a(fixsfsi.o)
                              ../../../../Atmel Studio/Libs/ArduinoCore\libcore.a(Print.cpp.o) (__fixsfsi)
c:/program files (x86)/atmel/avr tools/avr toolchain/bin/../lib/gcc/avr/4.6.2/../../../../avr/lib/avr5\libm.a(fixunssfsi.o)
                              ../../../../Atmel Studio/Libs/ArduinoCore\libcore.a(Print.cpp.o) (__fixunssfsi)
c:/program files (x86)/atmel/avr tools/avr toolchain/bin/../lib/gcc/avr/4.6.2/../../../../avr/lib/avr5\libm.a(floatsisf.o)
                              ../../../../Atmel Studio/Libs/ArduinoCore\libcore.a(Print.cpp.o) (__floatunsisf)
[...]
Memory Configuration

Name             Origin             Length             Attributes
text             0x00000000         0x00020000         xr
data             0x00800060         0x0000ffa0         rw !x
eeprom           0x00810000         0x00010000         rw !x
fuse             0x00820000         0x00000400         rw !x
lock             0x00830000         0x00000400         rw !x
signature        0x00840000         0x00000400         rw !x
*default*        0x00000000         0xffffffff

Linker script and memory map

Address of section .data set to 0x800100
LOAD c:/program files (x86)/atmel/avr tools/avr toolchain/bin/../lib/gcc/avr/4.6.2/../../../../avr/lib/avr5/crtm328p.o
LOAD RxDuino.o
START GROUP
LOAD ../../../../Atmel Studio/Libs/ArduinoCore\libcore.a
LOAD ../../RxDuinoLibs/Debug\libRxduinoLibs.a
END GROUP
LOAD ../../../../Atmel Studio/Libs/ArduinoCore\libcore.a
LOAD c:/program files (x86)/atmel/avr tools/avr toolchain/bin/../lib/gcc/avr/4.6.2/../../../../avr/lib/avr5\libm.a
LOAD c:/program files (x86)/atmel/avr tools/avr toolchain/bin/../lib/gcc/avr/4.6.2/avr5\libgcc.a
LOAD c:/program files (x86)/atmel/avr tools/avr toolchain/bin/../lib/gcc/avr/4.6.2/../../../../avr/lib/avr5\libm.a
LOAD c:/program files (x86)/atmel/avr tools/avr toolchain/bin/../lib/gcc/avr/4.6.2/avr5\libgcc.a
LOAD c:/program files (x86)/atmel/avr tools/avr toolchain/bin/../lib/gcc/avr/4.6.2/../../../../avr/lib/avr5\libc.a
LOAD c:/program files (x86)/atmel/avr tools/avr toolchain/bin/../lib/gcc/avr/4.6.2/avr5\libgcc.a

.hash
 *(.hash)

.dynsym
 *(.dynsym)

.dynstr
 *(.dynstr)

.gnu.version
 *(.gnu.version)

.gnu.version_d
 *(.gnu.version_d)

.gnu.version_r
 *(.gnu.version_r)

.rel.init
 *(.rel.init)

.rela.init
 *(.rela.init)

.rel.text
 *(.rel.text)
 *(.rel.text.*)
 *(.rel.gnu.linkonce.t*)

.rela.text
 *(.rela.text)
 *(.rela.text.*)
 *(.rela.gnu.linkonce.t*)

.rel.fini
 *(.rel.fini)

.rela.fini
 *(.rela.fini)

.rel.rodata
 *(.rel.rodata)
 *(.rel.rodata.*)
 *(.rel.gnu.linkonce.r*)

.rela.rodata
 *(.rela.rodata)
 *(.rela.rodata.*)
 *(.rela.gnu.linkonce.r*)

.rel.data
 *(.rel.data)
 *(.rel.data.*)
 *(.rel.gnu.linkonce.d*)

.rela.data
 *(.rela.data)
 *(.rela.data.*)
 *(.rela.gnu.linkonce.d*)

.rel.ctors
 *(.rel.ctors)

.rela.ctors
 *(.rela.ctors)

.rel.dtors
 *(.rel.dtors)

.rela.dtors
 *(.rela.dtors)

.rel.got
 *(.rel.got)

.rela.got
 *(.rela.got)

.rel.bss
 *(.rel.bss)

.rela.bss
 *(.rela.bss)

.rel.plt
 *(.rel.plt)

.rela.plt
 *(.rela.plt)

.text           0x00000000     0x6660
 *(.vectors)
 .vectors       0x00000000       0x68 c:/program files (x86)/atmel/avr tools/avr toolchain/bin/../lib/gcc/avr/4.6.2/../../../../avr/lib/avr5/crtm328p.o
                0x00000000                __vector_default
                0x00000000                __vectors
 *(.vectors)
 *(.progmem.gcc*)
 *(.progmem*)
 .progmem.data  0x00000068      0x14e RxDuino.o
 .progmem.data  0x000001b6       0x5a ../../../../Atmel Studio/Libs/ArduinoCore\libcore.a(wiring_digital.c.o)
                0x000001b6                port_to_mode_PGM
                0x000001c0                port_to_output_PGM
                0x000001ca                port_to_input_PGM
                0x000001d4                digital_pin_to_port_PGM
                0x000001e8                digital_pin_to_bit_mask_PGM
                0x000001fc                digital_pin_to_timer_PGM
 .progmem.data  0x00000210       0xfa c:/program files (x86)/atmel/avr tools/avr toolchain/bin/../lib/gcc/avr/4.6.2/../../../../avr/lib/avr5\libc.a(ftoa_engine.o)
                0x0000030a                . = ALIGN (0x2)
                0x0000030a                __trampolines_start = .
 *(.trampolines)
 .trampolines   0x0000030a        0x0 linker stubs
 *(.trampolines*)
                0x0000030a                __trampolines_end = .
 *(.jumptables)
 *(.jumptables*)
 *(.lowtext)
 *(.lowtext*)
                0x0000030a                __ctors_start = .
 *(.ctors)
 .ctors         0x0000030a        0x2 RxDuino.o
 .ctors         0x0000030c        0x2 ../../../../Atmel Studio/Libs/ArduinoCore\libcore.a(HardwareSerial.cpp.o)
 .ctors         0x0000030e        0x2 ../../RxDuinoLibs/Debug\libRxduinoLibs.a(clock_methods.o)
                0x00000310                __ctors_end = .
                0x00000310                __dtors_start = .
 *(.dtors)
 .dtors         0x00000310        0x2 RxDuino.o
 .dtors         0x00000312        0x2 ../../RxDuinoLibs/Debug\libRxduinoLibs.a(clock_methods.o)
                0x00000314                __dtors_end = .
 SORT(*)(.ctors)
 SORT(*)(.dtors)
 *(.init0)
 .init0         0x00000314        0x0 c:/program files (x86)/atmel/avr tools/avr toolchain/bin/../lib/gcc/avr/4.6.2/../../../../avr/lib/avr5/crtm328p.o
                0x00000314                __init
 *(.init0)
 *(.init1)
 *(.init1)
 *(.init2)
 .init2         0x00000314        0xc c:/program files (x86)/atmel/avr tools/avr toolchain/bin/../lib/gcc/avr/4.6.2/../../../../avr/lib/avr5/crtm328p.o
 *(.init2)
 *(.init3)
 *(.init3)
 *(.init4)
 .init4         0x00000320       0x16 c:/program files (x86)/atmel/avr tools/avr toolchain/bin/../lib/gcc/avr/4.6.2/avr5\libgcc.a(_copy_data.o)
                0x00000320                __do_copy_data
 .init4         0x00000336       0x10 c:/program files (x86)/atmel/avr tools/avr toolchain/bin/../lib/gcc/avr/4.6.2/avr5\libgcc.a(_clear_bss.o)
                0x00000336                __do_clear_bss
 *(.init4)
 *(.init5)
 *(.init5)
 *(.init6)
 .init6         0x00000346       0x16 c:/program files (x86)/atmel/avr tools/avr toolchain/bin/../lib/gcc/avr/4.6.2/avr5\libgcc.a(_ctors.o)
                0x00000346                __do_global_ctors
 *(.init6)
 *(.init7)
 *(.init7)
 *(.init8)
 *(.init8)
 *(.init9)
 .init9         0x0000035c        0x8 c:/program files (x86)/atmel/avr tools/avr toolchain/bin/../lib/gcc/avr/4.6.2/../../../../avr/lib/avr5/crtm328p.o
 *(.init9)
 *(.text)
 .text          0x00000364        0x4 c:/program files (x86)/atmel/avr tools/avr toolchain/bin/../lib/gcc/avr/4.6.2/../../../../avr/lib/avr5/crtm328p.o
                0x00000364                __vector_22
                0x00000364                __vector_1
                0x00000364                __vector_24
                0x00000364                __vector_12
                0x00000364                __bad_interrupt
                0x00000364                __vector_6
                0x00000364                __vector_3
                0x00000364                __vector_23
                0x00000364                __vector_25
                0x00000364                __vector_11
                0x00000364                __vector_13
                0x00000364                __vector_17
                0x00000364                __vector_7
                0x00000364                __vector_5
                0x00000364                __vector_4
                0x00000364                __vector_9
                0x00000364                __vector_2
                0x00000364                __vector_21
                0x00000364                __vector_15
                0x00000364                __vector_8
                0x00000364                __vector_14
                0x00000364                __vector_10
                0x00000364                __vector_20
 .text          0x00000368     0x10f4 RxDuino.o
                0x0000038a                initBusses()
                0x000004d4                initVars()
                0x000006b0                setup
                0x000006ce                saveStoredValues()
                0x0000077a                getAlternateState()
                0x0000081a                joystickHandler(int const&, bool&)
                0x00000bc0                readCruiseControlSwitch()
                0x00000df0                parseSerialMessage(String const&)
                0x000011bc                loop
 .text          0x0000145c      0xd4e ../../RxDuinoLibs/Debug\libRxduinoLibs.a(MCP2515.o)
                0x0000145c                SPIClass::transfer(unsigned char)
                0x00001468                MCP2515::setCANBaud(int const&)
                0x00001526                MCP2515::writeReg(unsigned char const&, unsigned char const&)
                0x0000156c                MCP2515::writeRegBit(unsigned char const&, unsigned char const&, unsigned char const&)
                0x000015de                MCP2515::readReg(unsigned char const&)
                0x0000161e                MCP2515::getCANRxErrCnt()
                0x0000163e                MCP2515::getCANTxErrCnt()
                0x0000165e                MCP2515::transmitCANMessage(Frame&, unsigned long const&)
                0x00001862                MCP2515::receiveCANMessage(Frame&, unsigned long const&)
                0x00001a42                MCP2515::setMode(CanMode const&)
                0x00001aca                MCP2515::initCAN(int const&, int const&)
                0x00001bcc                MCP2515::queryOBD(unsigned char const&, Frame&, bool&, unsigned char const&)
                0x00001d40                MCP2515::queryOBDExtended(unsigned int const&, Frame&)
                0x00001e2e                MCP2515::setReceiveFilter(unsigned int, FILTER0, FILTER1)
                0x000020fa                MCP2515::setOBDFilters()
 .text          0x000021aa      0xbaa ../../RxDuinoLibs/Debug\libRxduinoLibs.a(canbus_message.o)
                0x000021aa                CanbusMessage::getByteCount(unsigned int const&)
                0x000021ce                CanbusMessage::getGenericMessage(unsigned char const&, float const&, String&)
                0x0000254c                CanbusMessage::getMazdaMessage(unsigned int const&, Frame const&, String&)
                0x000026aa                CanbusMessage::parseMessage(Frame const&, int const&)
                0x00002766                CanbusMessage::createMessage(unsigned int const&, Frame&)
                0x0000279a                CanbusMessage::getEngineData(unsigned int const&, String&, MCP2515&, int const&)
                0x000028f8                CanbusMessage::getMilesPerGallon(String&, float&, int const&, MCP2515&, MCP2515&)
 .text          0x00002d54      0x44e ../../RxDuinoLibs/Debug\libRxduinoLibs.a(clock_methods.o)
                0x00002d8a                ClockMethods::initClockVars()
                0x00002da4                ClockMethods::getInitialClock(MCP2515&)
                0x00002e2e                ClockMethods::incrementHour()
                0x00002efc                ClockMethods::incrementMin()
                0x00002fca                ClockMethods::setClock(MCP2515&)
 .text          0x000031a2      0x156 ../../RxDuinoLibs/Debug\libRxduinoLibs.a(cruisecontrol_methods.o)
                0x000031a2                CruiseControlMethods::getCCButton(Frame&, MCP2515&)
                0x0000321c                CruiseControlMethods::getCCStatus(MCP2515&, bool&)
 .text          0x000032f8      0x110 ../../RxDuinoLibs/Debug\libRxduinoLibs.a(debug_methods.o)
                0x000032f8                DebugMethods::serialDebug(char const*, ...)
                0x00003348                DebugMethods::dumpMessage(Frame const&, char const*)
 .text          0x00003408      0x348 ../../RxDuinoLibs/Debug\libRxduinoLibs.a(lcd_methods.o)
                0x00003408                LCDMethods::setLcdMessage(char const*, char const*, MCP2515&, int const&)
                0x00003528                LCDMethods::setLcdMessage(char const*, String&, MCP2515&, int const&)
                0x000035ae                LCDMethods::setLcdMessage(char const*, MCP2515&, int const&)
                0x00003688                LCDMethods::setLcdMessage(char const*, MCP2515&, int const&, int const&)
                0x000036d8                LCDMethods::setLcdMessage(String&, MCP2515&, int const&)
 .text          0x00003750      0x3be ../../RxDuinoLibs/Debug\libRxduinoLibs.a(mil_methods.o)
                0x00003750                MILMethods::clearMILCodes(MCP2515&, MCP2515&)
                0x000037f4                MILMethods::getMILCount(MCP2515&)
                0x00003878                MILMethods::getMILData(MCP2515&, MCP2515&, int&)
 .text          0x00003b0e       0xa0 ../../RxDuinoLibs/Debug\libRxduinoLibs.a(rxduino_methods.o)
                0x00003b0e                RxduinoMethods::init_Status_LED()
                0x00003b28                RxduinoMethods::enableHSCAN()
                0x00003b3a                RxduinoMethods::enableMSCAN()
                0x00003b4c                RxduinoMethods::disableCAN()
                0x00003b5e                RxduinoMethods::init_SPI()
                0x00003b9a                RxduinoMethods::init_all()
 .text          0x00003bae      0x2d8 ../../RxDuinoLibs/Debug\libRxduinoLibs.a(tpms_methods.o)
                0x00003bae                TPMSMethods::getTPMData(int const&, unsigned int const&, unsigned int const&, Frame&, MCP2515&)
                0x00003c2a                TPMSMethods::getWheelTemp(int const&, int const&, MCP2515&, MCP2515&)
                0x00003d3c                TPMSMethods::getWheelPSI(int const&, int const&, MCP2515&, MCP2515&)
 .text          0x00003e86       0x74 ../../RxDuinoLibs/Debug\libRxduinoLibs.a(SPI.o)
                0x00003e86                SPIClass::begin()
                0x00003eb4                SPIClass::end()
                0x00003ebc                SPIClass::setBitOrder(unsigned char)
                0x00003ece                SPIClass::setDataMode(unsigned char)
                0x00003ed8                SPIClass::setClockDivider(unsigned char)
 .text          0x00003efa      0x124 ../../RxDuinoLibs/Debug\libRxduinoLibs.a(can_methods.o)
                0x00003efa                CANMethods::prepareCommonMessage(unsigned int const&, Frame&)
                0x00003f12                CANMethods::prepareHSCANMessage(unsigned char const&, Frame&)
                0x00003f3e                CANMethods::initLcdForMessaging(Frame&)
                0x00003f62                CANMethods::prepareMSCANMessage(Frame&, int const&, char const*)
                0x0000401e                . = ALIGN (0x2)
 *(.text.*)
 .text.startup  0x0000401e        0xa RxDuino.o
 .text.exit     0x00004028        0xa RxDuino.o
 .text.__vector_16
                0x00004032       0x90 ../../../../Atmel Studio/Libs/ArduinoCore\libcore.a(wiring.c.o)
                0x00004032                __vector_16
 .text.millis   0x000040c2       0x1c ../../../../Atmel Studio/Libs/ArduinoCore\libcore.a(wiring.c.o)
                0x000040c2                millis
 .text.delay    0x000040de       0xb2 ../../../../Atmel Studio/Libs/ArduinoCore\libcore.a(wiring.c.o)
                0x000040de                delay
 .text.init     0x00004190       0x76 ../../../../Atmel Studio/Libs/ArduinoCore\libcore.a(wiring.c.o)
                0x00004190                init
 .text._Z11serialEventv
                0x00004206        0x2 ../../../../Atmel Studio/Libs/ArduinoCore\libcore.a(HardwareSerial.cpp.o)
                0x00004206                serialEvent()
 .text.__vector_18
                0x00004208       0x68 ../../../../Atmel Studio/Libs/ArduinoCore\libcore.a(HardwareSerial.cpp.o)
                0x00004208                __vector_18
 .text._Z14serialEventRunv
                0x00004270       0x26 ../../../../Atmel Studio/Libs/ArduinoCore\libcore.a(HardwareSerial.cpp.o)
                0x00004270                serialEventRun()
 .text.__vector_19
                0x00004296       0x76 ../../../../Atmel Studio/Libs/ArduinoCore\libcore.a(HardwareSerial.cpp.o)
                0x00004296                __vector_19
 .text._ZN14HardwareSerial5beginEm
                0x0000430c      0x10c ../../../../Atmel Studio/Libs/ArduinoCore\libcore.a(HardwareSerial.cpp.o)
                0x0000430c                HardwareSerial::begin(unsigned long)
 .text._ZN14HardwareSerial9availableEv
                0x00004418       0x22 ../../../../Atmel Studio/Libs/ArduinoCore\libcore.a(HardwareSerial.cpp.o)
                0x00004418                HardwareSerial::available()
 .text._ZN14HardwareSerial4peekEv
                0x0000443a       0x40 ../../../../Atmel Studio/Libs/ArduinoCore\libcore.a(HardwareSerial.cpp.o)
                0x0000443a                HardwareSerial::peek()
 .text._ZN14HardwareSerial4readEv
                0x0000447a       0x52 ../../../../Atmel Studio/Libs/ArduinoCore\libcore.a(HardwareSerial.cpp.o)
                0x0000447a                HardwareSerial::read()
 .text._ZN14HardwareSerial5flushEv
                0x000044cc       0x24 ../../../../Atmel Studio/Libs/ArduinoCore\libcore.a(HardwareSerial.cpp.o)
                0x000044cc                HardwareSerial::flush()
 .text._ZN14HardwareSerial5writeEh
                0x000044f0       0x72 ../../../../Atmel Studio/Libs/ArduinoCore\libcore.a(HardwareSerial.cpp.o)
                0x000044f0                HardwareSerial::write(unsigned char)
 .text._GLOBAL__I_rx_buffer
                0x00004562       0xa0 ../../../../Atmel Studio/Libs/ArduinoCore\libcore.a(HardwareSerial.cpp.o)
 .text.main     0x00004602       0x1e ../../../../Atmel Studio/Libs/ArduinoCore\libcore.a(main.cpp.o)
                0x00004602                main
 .text._ZN5Print5writeEPKhj
                0x00004620       0x54 ../../../../Atmel Studio/Libs/ArduinoCore\libcore.a(Print.cpp.o)
                0x00004620                Print::write(unsigned char const*, unsigned int)
 .text._ZN5Print7printlnEv
                0x00004674       0x40 ../../../../Atmel Studio/Libs/ArduinoCore\libcore.a(Print.cpp.o)
                0x00004674                Print::println()
 .text._ZN5Print5writeEPKc
                0x000046b4       0x28 ../../../../Atmel Studio/Libs/ArduinoCore\libcore.a(Print.cpp.o)
                0x000046b4                Print::write(char const*)
 .text._ZN5Print11printNumberEmh
                0x000046dc       0xc8 ../../../../Atmel Studio/Libs/ArduinoCore\libcore.a(Print.cpp.o)
                0x000046dc                Print::printNumber(unsigned long, unsigned char)
 .text._ZN5Print5printEmi
                0x000047a4       0x1e ../../../../Atmel Studio/Libs/ArduinoCore\libcore.a(Print.cpp.o)
                0x000047a4                Print::print(unsigned long, int)
 .text._ZN5Print5printEji
                0x000047c2       0x22 ../../../../Atmel Studio/Libs/ArduinoCore\libcore.a(Print.cpp.o)
                0x000047c2                Print::print(unsigned int, int)
 .text._ZN5Print5printEhi
                0x000047e4       0x24 ../../../../Atmel Studio/Libs/ArduinoCore\libcore.a(Print.cpp.o)
                0x000047e4                Print::print(unsigned char, int)
 .text._ZN5Print7printlnEhi
                0x00004808       0x3c ../../../../Atmel Studio/Libs/ArduinoCore\libcore.a(Print.cpp.o)
                0x00004808                Print::println(unsigned char, int)
 .text._ZN5Print5printEli
                0x00004844       0x80 ../../../../Atmel Studio/Libs/ArduinoCore\libcore.a(Print.cpp.o)
                0x00004844                Print::print(long, int)
 .text._ZN5Print7printlnEii
                0x000048c4       0x3e ../../../../Atmel Studio/Libs/ArduinoCore\libcore.a(Print.cpp.o)
                0x000048c4                Print::println(int, int)
 .text._ZN5Print5printEPKc
                0x00004902        0x6 ../../../../Atmel Studio/Libs/ArduinoCore\libcore.a(Print.cpp.o)
                0x00004902                Print::print(char const*)
 .text._ZN5Print7printlnEPKc
                0x00004908       0x26 ../../../../Atmel Studio/Libs/ArduinoCore\libcore.a(Print.cpp.o)
                0x00004908                Print::println(char const*)
 .text._ZN5Print5printERK6String
                0x0000492e       0x66 ../../../../Atmel Studio/Libs/ArduinoCore\libcore.a(Print.cpp.o)
                0x0000492e                Print::print(String const&)
 .text._ZN5Print7printlnERK6String
                0x00004994       0x28 ../../../../Atmel Studio/Libs/ArduinoCore\libcore.a(Print.cpp.o)
                0x00004994                Print::println(String const&)
 .text._ZNK6StringixEj
                0x000049bc       0x22 ../../../../Atmel Studio/Libs/ArduinoCore\libcore.a(WString.cpp.o)
                0x000049bc                String::operator[](unsigned int) const
 .text._ZN6String4trimEv
                0x000049de       0xb6 ../../../../Atmel Studio/Libs/ArduinoCore\libcore.a(WString.cpp.o)
                0x000049de                String::trim()
 .text._ZNK6String7indexOfERKS_j
                0x00004a94       0x3c ../../../../Atmel Studio/Libs/ArduinoCore\libcore.a(WString.cpp.o)
                0x00004a94                String::indexOf(String const&, unsigned int) const
 .text._ZNK6String7indexOfERKS_
                0x00004ad0        0xa ../../../../Atmel Studio/Libs/ArduinoCore\libcore.a(WString.cpp.o)
                0x00004ad0                String::indexOf(String const&) const
 .text._ZNK6String8getBytesEPhjj
                0x00004ada       0x5a ../../../../Atmel Studio/Libs/ArduinoCore\libcore.a(WString.cpp.o)
                0x00004ada                String::getBytes(unsigned char*, unsigned int, unsigned int) const
 .text._ZNK6String6equalsEPKc
                0x00004b34       0x46 ../../../../Atmel Studio/Libs/ArduinoCore\libcore.a(WString.cpp.o)
                0x00004b34                String::equals(char const*) const
 .text._ZNK6String9compareToERKS_
                0x00004b7a       0x66 ../../../../Atmel Studio/Libs/ArduinoCore\libcore.a(WString.cpp.o)
                0x00004b7a                String::compareTo(String const&) const
 .text._ZN6String12changeBufferEj
                0x00004be0       0x34 ../../../../Atmel Studio/Libs/ArduinoCore\libcore.a(WString.cpp.o)
                0x00004be0                String::changeBuffer(unsigned int)
 .text._ZN6String7reserveEj
                0x00004c14       0x38 ../../../../Atmel Studio/Libs/ArduinoCore\libcore.a(WString.cpp.o)
                0x00004c14                String::reserve(unsigned int)
 .text._ZN6String6concatEPKcj
                0x00004c4c       0x5a ../../../../Atmel Studio/Libs/ArduinoCore\libcore.a(WString.cpp.o)
                0x00004c4c                String::concat(char const*, unsigned int)
 .text._ZN6String6concatEc
                0x00004ca6       0x26 ../../../../Atmel Studio/Libs/ArduinoCore\libcore.a(WString.cpp.o)
                0x00004ca6                String::concat(char)
 .text._ZN6String6concatERKS_
                0x00004ccc       0x10 ../../../../Atmel Studio/Libs/ArduinoCore\libcore.a(WString.cpp.o)
                0x00004ccc                String::concat(String const&)
 .text._ZN6String10invalidateEv
                0x00004cdc       0x24 ../../../../Atmel Studio/Libs/ArduinoCore\libcore.a(WString.cpp.o)
                0x00004cdc                String::invalidate()
 .text._ZplRK15StringSumHelperPKc
                0x00004d00       0x38 ../../../../Atmel Studio/Libs/ArduinoCore\libcore.a(WString.cpp.o)
                0x00004d00                operator+(StringSumHelper const&, char const*)
 .text._ZplRK15StringSumHelperRK6String
                0x00004d38       0x2c ../../../../Atmel Studio/Libs/ArduinoCore\libcore.a(WString.cpp.o)
                0x00004d38                operator+(StringSumHelper const&, String const&)
 .text._ZN6String4copyEPKcj
                0x00004d64       0x42 ../../../../Atmel Studio/Libs/ArduinoCore\libcore.a(WString.cpp.o)
                0x00004d64                String::copy(char const*, unsigned int)
 .text._ZN6StringC1EPKc
                0x00004da6       0x34 ../../../../Atmel Studio/Libs/ArduinoCore\libcore.a(WString.cpp.o)
                0x00004da6                String::String(char const*)
 .text._ZN6StringC2EPKc
                0x00004dda       0x34 ../../../../Atmel Studio/Libs/ArduinoCore\libcore.a(WString.cpp.o)
                0x00004dda                String::String(char const*)
 .text._ZN6StringaSEPKc
                0x00004e0e       0x32 ../../../../Atmel Studio/Libs/ArduinoCore\libcore.a(WString.cpp.o)
                0x00004e0e                String::operator=(char const*)
 .text._ZN6StringC1Eih
                0x00004e40       0x62 ../../../../Atmel Studio/Libs/ArduinoCore\libcore.a(WString.cpp.o)
                0x00004e40                String::String(int, unsigned char)
 .text._ZNK6String9substringEjj
                0x00004ea2       0x8e ../../../../Atmel Studio/Libs/ArduinoCore\libcore.a(WString.cpp.o)
                0x00004ea2                String::substring(unsigned int, unsigned int) const
 .text._ZN6StringaSERKS_
                0x00004f30       0x2e ../../../../Atmel Studio/Libs/ArduinoCore\libcore.a(WString.cpp.o)
                0x00004f30                String::operator=(String const&)
 .text._ZN6StringC1ERKS_
                0x00004f5e       0x16 ../../../../Atmel Studio/Libs/ArduinoCore\libcore.a(WString.cpp.o)
                0x00004f5e                String::String(String const&)
 .text._ZN6StringC2ERKS_
                0x00004f74       0x16 ../../../../Atmel Studio/Libs/ArduinoCore\libcore.a(WString.cpp.o)
                0x00004f74                String::String(String const&)
 .text._ZN6StringD1Ev
                0x00004f8a        0xc ../../../../Atmel Studio/Libs/ArduinoCore\libcore.a(WString.cpp.o)
                0x00004f8a                String::~String()
 .text._ZN6StringD2Ev
                0x00004f96        0xc ../../../../Atmel Studio/Libs/ArduinoCore\libcore.a(WString.cpp.o)
                0x00004f96                String::~String()
 .text.startup  0x00004fa2        0xa ../../RxDuinoLibs/Debug\libRxduinoLibs.a(clock_methods.o)
 .text.exit     0x00004fac        0xa ../../RxDuinoLibs/Debug\libRxduinoLibs.a(clock_methods.o)
 .text.pinMode  0x00004fb6       0x7e ../../../../Atmel Studio/Libs/ArduinoCore\libcore.a(wiring_digital.c.o)
                0x00004fb6                pinMode
 .text.digitalWrite
                0x00005034       0xa8 ../../../../Atmel Studio/Libs/ArduinoCore\libcore.a(wiring_digital.c.o)
                0x00005034                digitalWrite
 .text.avr-libc.fplib
                0x000050dc        0xa c:/program files (x86)/atmel/avr tools/avr toolchain/bin/../lib/gcc/avr/4.6.2/../../../../avr/lib/avr5\libm.a(addsf3.o)
                0x000050dc                __subsf3
                0x000050de                __addsf3
 .text.avr-libc.fplib
                0x000050e6       0xc0 c:/program files (x86)/atmel/avr tools/avr toolchain/bin/../lib/gcc/avr/4.6.2/../../../../avr/lib/avr5\libm.a(addsf3x.o)
                0x00005100                __addsf3x
 .text.avr-libc.fplib
                0x000051a6        0x8 c:/program files (x86)/atmel/avr tools/avr toolchain/bin/../lib/gcc/avr/4.6.2/../../../../avr/lib/avr5\libm.a(cmpsf2.o)
                0x000051a6                __nesf2
                0x000051a6                __eqsf2
                0x000051a6                __cmpsf2
                0x000051a6                __ltsf2
                0x000051a6                __lesf2
 .text.avr-libc.fplib
                0x000051ae        0x4 c:/program files (x86)/atmel/avr tools/avr toolchain/bin/../lib/gcc/avr/4.6.2/../../../../avr/lib/avr5\libm.a(divsf3.o)
                0x000051ae                __divsf3
 .text.avr-libc.fplib
                0x000051b2       0xcc c:/program files (x86)/atmel/avr tools/avr toolchain/bin/../lib/gcc/avr/4.6.2/../../../../avr/lib/avr5\libm.a(divsf3x.o)
                0x000051c8                __divsf3x
                0x000051cc                __divsf3_pse
 .text.avr-libc.fplib
                0x0000527e        0xa c:/program files (x86)/atmel/avr tools/avr toolchain/bin/../lib/gcc/avr/4.6.2/../../../../avr/lib/avr5\libm.a(fixsfsi.o)
                0x0000527e                __fixsfsi
 .text.avr-libc.fplib
                0x00005288       0x58 c:/program files (x86)/atmel/avr tools/avr toolchain/bin/../lib/gcc/avr/4.6.2/../../../../avr/lib/avr5\libm.a(fixunssfsi.o)
                0x00005288                __fixunssfsi
 .text.avr-libc.fplib
                0x000052e0       0x7a c:/program files (x86)/atmel/avr tools/avr toolchain/bin/../lib/gcc/avr/4.6.2/../../../../avr/lib/avr5\libm.a(floatsisf.o)
                0x000052e0                __floatunsisf
                0x000052e4                __floatsisf
 .text.avr-libc.fplib
                0x0000535a       0x48 c:/program files (x86)/atmel/avr tools/avr toolchain/bin/../lib/gcc/avr/4.6.2/../../../../avr/lib/avr5\libm.a(fp_cmp.o)
                0x0000535a                __fp_cmp
 .text.avr-libc.fplib
                0x000053a2        0xc c:/program files (x86)/atmel/avr tools/avr toolchain/bin/../lib/gcc/avr/4.6.2/../../../../avr/lib/avr5\libm.a(fp_inf.o)
                0x000053a2                __fp_inf
 .text.avr-libc.fplib
                0x000053ae        0x6 c:/program files (x86)/atmel/avr tools/avr toolchain/bin/../lib/gcc/avr/4.6.2/../../../../avr/lib/avr5\libm.a(fp_nan.o)
                0x000053ae                __fp_nan
 .text.avr-libc.fplib
                0x000053b4        0xe c:/program files (x86)/atmel/avr tools/avr toolchain/bin/../lib/gcc/avr/4.6.2/../../../../avr/lib/avr5\libm.a(fp_pscA.o)
                0x000053b4                __fp_pscA
 .text.avr-libc.fplib
                0x000053c2        0xe c:/program files (x86)/atmel/avr tools/avr toolchain/bin/../lib/gcc/avr/4.6.2/../../../../avr/lib/avr5\libm.a(fp_pscB.o)
                0x000053c2                __fp_pscB
 .text.avr-libc.fplib
                0x000053d0       0x22 c:/program files (x86)/atmel/avr tools/avr toolchain/bin/../lib/gcc/avr/4.6.2/../../../../avr/lib/avr5\libm.a(fp_round.o)
                0x000053d0                __fp_round
 .text.avr-libc.fplib
                0x000053f2       0x44 c:/program files (x86)/atmel/avr tools/avr toolchain/bin/../lib/gcc/avr/4.6.2/../../../../avr/lib/avr5\libm.a(fp_split3.o)
                0x000053f2                __fp_split3
                0x00005402                __fp_splitA
 .text.avr-libc.fplib
                0x00005436        0xe c:/program files (x86)/atmel/avr tools/avr toolchain/bin/../lib/gcc/avr/4.6.2/../../../../avr/lib/avr5\libm.a(fp_zero.o)
                0x00005436                __fp_zero
                0x00005438                __fp_szero
 .text.avr-libc.fplib
                0x00005444        0x8 c:/program files (x86)/atmel/avr tools/avr toolchain/bin/../lib/gcc/avr/4.6.2/../../../../avr/lib/avr5\libm.a(gesf2.o)
                0x00005444                __gesf2
                0x00005444                __gtsf2
 .text.avr-libc.fplib
                0x0000544c        0x4 c:/program files (x86)/atmel/avr tools/avr toolchain/bin/../lib/gcc/avr/4.6.2/../../../../avr/lib/avr5\libm.a(mulsf3.o)
                0x0000544c                __mulsf3
 .text.avr-libc.fplib
                0x00005450       0xc2 c:/program files (x86)/atmel/avr tools/avr toolchain/bin/../lib/gcc/avr/4.6.2/../../../../avr/lib/avr5\libm.a(mulsf3x.o)
                0x00005464                __mulsf3x
                0x00005468                __mulsf3_pse
 .text.avr-libc.fplib
                0x00005512        0x8 c:/program files (x86)/atmel/avr tools/avr toolchain/bin/../lib/gcc/avr/4.6.2/../../../../avr/lib/avr5\libm.a(unordsf2.o)
                0x00005512                __unordsf2
 .text.libgcc   0x0000551a       0x3e c:/program files (x86)/atmel/avr tools/avr toolchain/bin/../lib/gcc/avr/4.6.2/avr5\libgcc.a(_mulsi3.o)
                0x0000551a                __mulsi3
 .text.libgcc   0x00005558       0x26 c:/program files (x86)/atmel/avr tools/avr toolchain/bin/../lib/gcc/avr/4.6.2/avr5\libgcc.a(_divmodhi4.o)
                0x00005558                _div
                0x00005558                __divmodhi4
 .text.libgcc   0x0000557e       0x44 c:/program files (x86)/atmel/avr tools/avr toolchain/bin/../lib/gcc/avr/4.6.2/avr5\libgcc.a(_udivmodsi4.o)
                0x0000557e                __udivmodsi4
 .text.libgcc   0x000055c2       0x28 c:/program files (x86)/atmel/avr tools/avr toolchain/bin/../lib/gcc/avr/4.6.2/avr5\libgcc.a(_udivmodhi4.o)
                0x000055c2                __udivmodhi4
 .text.libgcc   0x000055ea        0xc c:/program files (x86)/atmel/avr tools/avr toolchain/bin/../lib/gcc/avr/4.6.2/avr5\libgcc.a(_tablejump.o)
                0x000055ea                __tablejump2__
                0x000055ee                __tablejump__
 .text.avr-libc
                0x000055f6       0x44 c:/program files (x86)/atmel/avr tools/avr toolchain/bin/../lib/gcc/avr/4.6.2/../../../../avr/lib/avr5\libc.a(dtostrf.o)
                0x000055f6                dtostrf
 .text.avr-libc
                0x0000563a      0x25e c:/program files (x86)/atmel/avr tools/avr toolchain/bin/../lib/gcc/avr/4.6.2/../../../../avr/lib/avr5\libc.a(malloc.o)
                0x0000563a                malloc
                0x00005766                free
 .text.avr-libc
                0x00005898      0x196 c:/program files (x86)/atmel/avr tools/avr toolchain/bin/../lib/gcc/avr/4.6.2/../../../../avr/lib/avr5\libc.a(realloc.o)
                0x00005898                realloc
 .text.avr-libc
                0x00005a2e       0x3c c:/program files (x86)/atmel/avr tools/avr toolchain/bin/../lib/gcc/avr/4.6.2/../../../../avr/lib/avr5\libc.a(atoi.o)
                0x00005a2e                atoi
 .text.avr-libc
                0x00005a6a       0x10 c:/program files (x86)/atmel/avr tools/avr toolchain/bin/../lib/gcc/avr/4.6.2/../../../../avr/lib/avr5\libc.a(isspace.o)
                0x00005a6a                isspace
 .text.avr-libc
                0x00005a7a        0xe c:/program files (x86)/atmel/avr tools/avr toolchain/bin/../lib/gcc/avr/4.6.2/../../../../avr/lib/avr5\libc.a(strcpy_P.o)
                0x00005a7a                strcpy_P
 .text.avr-libc
                0x00005a88       0x12 c:/program files (x86)/atmel/avr tools/avr toolchain/bin/../lib/gcc/avr/4.6.2/../../../../avr/lib/avr5\libc.a(memcpy.o)
                0x00005a88                memcpy
 .text.avr-libc
                0x00005a9a        0xe c:/program files (x86)/atmel/avr tools/avr toolchain/bin/../lib/gcc/avr/4.6.2/../../../../avr/lib/avr5\libc.a(memset.o)
                0x00005a9a                memset
 .text.avr-libc
                0x00005aa8       0x12 c:/program files (x86)/atmel/avr tools/avr toolchain/bin/../lib/gcc/avr/4.6.2/../../../../avr/lib/avr5\libc.a(strcmp.o)
                0x00005aa8                strcmp
 .text.avr-libc
                0x00005aba        0xe c:/program files (x86)/atmel/avr tools/avr toolchain/bin/../lib/gcc/avr/4.6.2/../../../../avr/lib/avr5\libc.a(strcpy.o)
                0x00005aba                strcpy
 .text.avr-libc
                0x00005ac8       0x1e c:/program files (x86)/atmel/avr tools/avr toolchain/bin/../lib/gcc/avr/4.6.2/../../../../avr/lib/avr5\libc.a(strncpy.o)
                0x00005ac8                strncpy
 .text.avr-libc
                0x00005ae6       0x34 c:/program files (x86)/atmel/avr tools/avr toolchain/bin/../lib/gcc/avr/4.6.2/../../../../avr/lib/avr5\libc.a(strstr.o)
                0x00005ae6                strstr
 .text.avr-libc
                0x00005b1a       0x42 c:/program files (x86)/atmel/avr tools/avr toolchain/bin/../lib/gcc/avr/4.6.2/../../../../avr/lib/avr5\libc.a(itoa.o)
                0x00005b1a                itoa
 .text.avr-libc
                0x00005b5c       0x10 c:/program files (x86)/atmel/avr tools/avr toolchain/bin/../lib/gcc/avr/4.6.2/../../../../avr/lib/avr5\libc.a(mul10.o)
                0x00005b5c                __mulhi_const_10
 .text.avr-libc
                0x00005b6c       0x44 c:/program files (x86)/atmel/avr tools/avr toolchain/bin/../lib/gcc/avr/4.6.2/../../../../avr/lib/avr5\libc.a(sprintf.o)
                0x00005b6c                sprintf
 .text.avr-libc
                0x00005bb0       0x56 c:/program files (x86)/atmel/avr tools/avr toolchain/bin/../lib/gcc/avr/4.6.2/../../../../avr/lib/avr5\libc.a(vsnprintf.o)
                0x00005bb0                vsnprintf
 .text.avr-libc
                0x00005c06      0x3bc c:/program files (x86)/atmel/avr tools/avr toolchain/bin/../lib/gcc/avr/4.6.2/../../../../avr/lib/avr5\libc.a(vfprintf_std.o)
                0x00005c06                vfprintf
 .text.avr-libc
                0x00005fc2       0x20 c:/program files (x86)/atmel/avr tools/avr toolchain/bin/../lib/gcc/avr/4.6.2/../../../../avr/lib/avr5\libc.a(eerd_block_atmega328p.o)
                0x00005fc2                __eerd_block_m328p
                0x00005fc6                __eerd_blraw_m328p
 .text.avr-libc
                0x00005fe2       0x14 c:/program files (x86)/atmel/avr tools/avr toolchain/bin/../lib/gcc/avr/4.6.2/../../../../avr/lib/avr5\libc.a(eewr_block_atmega328p.o)
                0x00005fe2                __eewr_block_m328p
 .text.avr-libc
                0x00005ff6       0x1c c:/program files (x86)/atmel/avr tools/avr toolchain/bin/../lib/gcc/avr/4.6.2/../../../../avr/lib/avr5\libc.a(eewr_byte_atmega328p.o)
                0x00005ff6                __eewr_byte_m328p
                0x00005ff8                __eewr_r18_m328p
 .text.avr-libc
                0x00006012      0x2b0 c:/program files (x86)/atmel/avr tools/avr toolchain/bin/../lib/gcc/avr/4.6.2/../../../../avr/lib/avr5\libc.a(dtoa_prf.o)
                0x00006012                dtoa_prf
 .text.avr-libc
                0x000062c2      0x1b0 c:/program files (x86)/atmel/avr tools/avr toolchain/bin/../lib/gcc/avr/4.6.2/../../../../avr/lib/avr5\libc.a(ftoa_engine.o)
                0x000062c2                __ftoa_engine
 .text.avr-libc
                0x00006472        0x6 c:/program files (x86)/atmel/avr tools/avr toolchain/bin/../lib/gcc/avr/4.6.2/../../../../avr/lib/avr5\libc.a(cty_isfalse.o)
                0x00006472                __ctype_isfalse
                0x00006476                __ctype_istrue
 .text.avr-libc
                0x00006478       0x16 c:/program files (x86)/atmel/avr tools/avr toolchain/bin/../lib/gcc/avr/4.6.2/../../../../avr/lib/avr5\libc.a(strnlen_P.o)
                0x00006478                strnlen_P
 .text.avr-libc
                0x0000648e       0x16 c:/program files (x86)/atmel/avr tools/avr toolchain/bin/../lib/gcc/avr/4.6.2/../../../../avr/lib/avr5\libc.a(strnlen.o)
                0x0000648e                strnlen
 .text.avr-libc
                0x000064a4       0x20 c:/program files (x86)/atmel/avr tools/avr toolchain/bin/../lib/gcc/avr/4.6.2/../../../../avr/lib/avr5\libc.a(strrev.o)
                0x000064a4                strrev
 .text.avr-libc
                0x000064c4       0x58 c:/program files (x86)/atmel/avr tools/avr toolchain/bin/../lib/gcc/avr/4.6.2/../../../../avr/lib/avr5\libc.a(fputc.o)
                0x000064c4                fputc
 .text.avr-libc
                0x0000651c       0xbc c:/program files (x86)/atmel/avr tools/avr toolchain/bin/../lib/gcc/avr/4.6.2/../../../../avr/lib/avr5\libc.a(ultoa_invert.o)
                0x0000651c                __ultoa_invert
 .text.libgcc   0x000065d8       0x38 c:/program files (x86)/atmel/avr tools/avr toolchain/bin/../lib/gcc/avr/4.6.2/avr5\libgcc.a(_prologue.o)
                0x000065d8                __prologue_saves__
 .text.libgcc   0x00006610       0x36 c:/program files (x86)/atmel/avr tools/avr toolchain/bin/../lib/gcc/avr/4.6.2/avr5\libgcc.a(_epilogue.o)
                0x00006610                __epilogue_restores__
                0x00006646                . = ALIGN (0x2)
 *(.fini9)
 .fini9         0x00006646        0x0 c:/program files (x86)/atmel/avr tools/avr toolchain/bin/../lib/gcc/avr/4.6.2/avr5\libgcc.a(_exit.o)
                0x00006646                _exit
                0x00006646                exit
 *(.fini9)
 *(.fini8)
 *(.fini8)
 *(.fini7)
 *(.fini7)
 *(.fini6)
 .fini6         0x00006646       0x16 c:/program files (x86)/atmel/avr tools/avr toolchain/bin/../lib/gcc/avr/4.6.2/avr5\libgcc.a(_dtors.o)
                0x00006646                __do_global_dtors
 *(.fini6)
 *(.fini5)
 *(.fini5)
 *(.fini4)
 *(.fini4)
 *(.fini3)
 *(.fini3)
 *(.fini2)
 *(.fini2)
 *(.fini1)
 *(.fini1)
 *(.fini0)
 .fini0         0x0000665c        0x4 c:/program files (x86)/atmel/avr tools/avr toolchain/bin/../lib/gcc/avr/4.6.2/avr5\libgcc.a(_exit.o)
 *(.fini0)
                0x00006660                _etext = .

.data           0x00800100      0x4a6 load address 0x00006660
                0x00800100                PROVIDE (__data_start, .)
 *(.data)
 .data          0x00800100      0x2c1 RxDuino.o
 .data          0x008003c1        0x1 ../../../../Atmel Studio/Libs/ArduinoCore\libcore.a(WString.cpp.o)
 .data          0x008003c2       0x67 ../../RxDuinoLibs/Debug\libRxduinoLibs.a(MCP2515.o)
 .data          0x00800429       0xcc ../../RxDuinoLibs/Debug\libRxduinoLibs.a(canbus_message.o)
 .data          0x008004f5       0x37 ../../RxDuinoLibs/Debug\libRxduinoLibs.a(clock_methods.o)
 .data          0x0080052c       0x1c ../../RxDuinoLibs/Debug\libRxduinoLibs.a(debug_methods.o)
 .data          0x00800548        0xa ../../RxDuinoLibs/Debug\libRxduinoLibs.a(lcd_methods.o)
 .data          0x00800552       0x2d ../../RxDuinoLibs/Debug\libRxduinoLibs.a(mil_methods.o)
 .data          0x0080057f       0x10 ../../RxDuinoLibs/Debug\libRxduinoLibs.a(tpms_methods.o)
 .data          0x0080058f        0x6 c:/program files (x86)/atmel/avr tools/avr toolchain/bin/../lib/gcc/avr/4.6.2/../../../../avr/lib/avr5\libc.a(malloc.o)
                0x0080058f                __malloc_heap_end
                0x00800591                __malloc_heap_start
                0x00800593                __malloc_margin
 *(.data*)
 *(.rodata)
 *(.rodata*)
 .rodata._ZTV14HardwareSerial
                0x00800595       0x10 ../../../../Atmel Studio/Libs/ArduinoCore\libcore.a(HardwareSerial.cpp.o)
                0x00800595                vtable for HardwareSerial
 *(.gnu.linkonce.d*)
                0x008005a6                . = ALIGN (0x2)
 *fill*         0x008005a5        0x1 00
                0x008005a6                _edata = .
                0x008005a6                PROVIDE (__data_end, .)

.bss            0x008005a6      0x147
                0x008005a6                PROVIDE (__bss_start, .)
 *(.bss)
 .bss           0x008005a6       0x85 RxDuino.o
                0x008005a6                sv
                0x008005b7                nightlyString
                0x008005e9                intStr
                0x008005ea                MSCAN
                0x008005ec                HSCAN
 .bss           0x0080062b        0xe ../../RxDuinoLibs/Debug\libRxduinoLibs.a(clock_methods.o)
                0x0080062b                ClockMethods::clockM
                0x00800632                ClockMethods::clockH
 *(.bss*)
 .bss.timer0_overflow_count
                0x00800639        0x4 ../../../../Atmel Studio/Libs/ArduinoCore\libcore.a(wiring.c.o)
                0x00800639                timer0_overflow_count
 .bss.timer0_millis
                0x0080063d        0x4 ../../../../Atmel Studio/Libs/ArduinoCore\libcore.a(wiring.c.o)
                0x0080063d                timer0_millis
 .bss.timer0_fract
                0x00800641        0x1 ../../../../Atmel Studio/Libs/ArduinoCore\libcore.a(wiring.c.o)
 .bss.rx_buffer
                0x00800642       0x44 ../../../../Atmel Studio/Libs/ArduinoCore\libcore.a(HardwareSerial.cpp.o)
                0x00800642                rx_buffer
 .bss.tx_buffer
                0x00800686       0x44 ../../../../Atmel Studio/Libs/ArduinoCore\libcore.a(HardwareSerial.cpp.o)
                0x00800686                tx_buffer
 .bss.Serial    0x008006ca       0x1f ../../../../Atmel Studio/Libs/ArduinoCore\libcore.a(HardwareSerial.cpp.o)
                0x008006ca                Serial
 *(COMMON)
 COMMON         0x008006e9        0x4 c:/program files (x86)/atmel/avr tools/avr toolchain/bin/../lib/gcc/avr/4.6.2/../../../../avr/lib/avr5\libc.a(malloc.o)
                0x008006e9                __brkval
                0x008006eb                __flp
                0x008006ed                PROVIDE (__bss_end, .)
                0x00006660                __data_load_start = LOADADDR (.data)
                0x00006b06                __data_load_end = (__data_load_start + SIZEOF (.data))

.noinit         0x008006ed        0x0
                0x008006ed                PROVIDE (__noinit_start, .)
 *(.noinit*)
                0x008006ed                PROVIDE (__noinit_end, .)
                0x008006ed                _end = .
                0x008006ed                PROVIDE (__heap_start, .)

.eeprom         0x00810000        0x0
 *(.eeprom*)
                0x00810000                __eeprom_end = .

.fuse
 *(.fuse)
 *(.lfuse)
 *(.hfuse)
 *(.efuse)

.lock
 *(.lock*)

.signature
 *(.signature*)

.stab           0x00000000     0x40f8
 *(.stab)
 .stab          0x00000000      0x6cc c:/program files (x86)/atmel/avr tools/avr toolchain/bin/../lib/gcc/avr/4.6.2/../../../../avr/lib/avr5/crtm328p.o
 .stab          0x000006cc       0x78 c:/program files (x86)/atmel/avr tools/avr toolchain/bin/../lib/gcc/avr/4.6.2/../../../../avr/lib/avr5\libm.a(addsf3.o)
                                 0x84 (size before relaxing)
 .stab          0x00000744      0x4bc c:/program files (x86)/atmel/avr tools/avr toolchain/bin/../lib/gcc/avr/4.6.2/../../../../avr/lib/avr5\libm.a(addsf3x.o)
                                0x4c8 (size before relaxing)
 .stab          0x00000c00       0x90 c:/program files (x86)/atmel/avr tools/avr toolchain/bin/../lib/gcc/avr/4.6.2/../../../../avr/lib/avr5\libm.a(cmpsf2.o)
                                 0x9c (size before relaxing)
 .stab          0x00000c90       0x48 c:/program files (x86)/atmel/avr tools/avr toolchain/bin/../lib/gcc/avr/4.6.2/../../../../avr/lib/avr5\libm.a(divsf3.o)
                                 0x54 (size before relaxing)
 .stab          0x00000cd8      0x510 c:/program files (x86)/atmel/avr tools/avr toolchain/bin/../lib/gcc/avr/4.6.2/../../../../avr/lib/avr5\libm.a(divsf3x.o)
                                0x51c (size before relaxing)
 .stab          0x000011e8       0x6c c:/program files (x86)/atmel/avr tools/avr toolchain/bin/../lib/gcc/avr/4.6.2/../../../../avr/lib/avr5\libm.a(fixsfsi.o)
                                 0x78 (size before relaxing)
 .stab          0x00001254      0x240 c:/program files (x86)/atmel/avr tools/avr toolchain/bin/../lib/gcc/avr/4.6.2/../../../../avr/lib/avr5\libm.a(fixunssfsi.o)
                                0x24c (size before relaxing)
 .stab          0x00001494      0x318 c:/program files (x86)/atmel/avr tools/avr toolchain/bin/../lib/gcc/avr/4.6.2/../../../../avr/lib/avr5\libm.a(floatsisf.o)
                                0x324 (size before relaxing)
 .stab          0x000017ac      0x1e0 c:/program files (x86)/atmel/avr tools/avr toolchain/bin/../lib/gcc/avr/4.6.2/../../../../avr/lib/avr5\libm.a(fp_cmp.o)
                                0x1ec (size before relaxing)
 .stab          0x0000198c       0x78 c:/program files (x86)/atmel/avr tools/avr toolchain/bin/../lib/gcc/avr/4.6.2/../../../../avr/lib/avr5\libm.a(fp_inf.o)
                                 0x84 (size before relaxing)
 .stab          0x00001a04       0x54 c:/program files (x86)/atmel/avr tools/avr toolchain/bin/../lib/gcc/avr/4.6.2/../../../../avr/lib/avr5\libm.a(fp_nan.o)
                                 0x60 (size before relaxing)
 .stab          0x00001a58       0x84 c:/program files (x86)/atmel/avr tools/avr toolchain/bin/../lib/gcc/avr/4.6.2/../../../../avr/lib/avr5\libm.a(fp_pscA.o)
                                 0x90 (size before relaxing)
 .stab          0x00001adc       0x84 c:/program files (x86)/atmel/avr tools/avr toolchain/bin/../lib/gcc/avr/4.6.2/../../../../avr/lib/avr5\libm.a(fp_pscB.o)
                                 0x90 (size before relaxing)
 .stab          0x00001b60       0xfc c:/program files (x86)/atmel/avr tools/avr toolchain/bin/../lib/gcc/avr/4.6.2/../../../../avr/lib/avr5\libm.a(fp_round.o)
                                0x108 (size before relaxing)
 .stab          0x00001c5c      0x1d4 c:/program files (x86)/atmel/avr tools/avr toolchain/bin/../lib/gcc/avr/4.6.2/../../../../avr/lib/avr5\libm.a(fp_split3.o)
                                0x1e0 (size before relaxing)
 .stab          0x00001e30       0x90 c:/program files (x86)/atmel/avr tools/avr toolchain/bin/../lib/gcc/avr/4.6.2/../../../../avr/lib/avr5\libm.a(fp_zero.o)
                                 0x9c (size before relaxing)
 .stab          0x00001ec0       0x6c c:/program files (x86)/atmel/avr tools/avr toolchain/bin/../lib/gcc/avr/4.6.2/../../../../avr/lib/avr5\libm.a(gesf2.o)
                                 0x78 (size before relaxing)
 .stab          0x00001f2c       0x48 c:/program files (x86)/atmel/avr tools/avr toolchain/bin/../lib/gcc/avr/4.6.2/../../../../avr/lib/avr5\libm.a(mulsf3.o)
                                 0x54 (size before relaxing)
 .stab          0x00001f74      0x4d4 c:/program files (x86)/atmel/avr tools/avr toolchain/bin/../lib/gcc/avr/4.6.2/../../../../avr/lib/avr5\libm.a(mulsf3x.o)
                                0x4e0 (size before relaxing)
 .stab          0x00002448       0x60 c:/program files (x86)/atmel/avr tools/avr toolchain/bin/../lib/gcc/avr/4.6.2/../../../../avr/lib/avr5\libm.a(unordsf2.o)
                                 0x6c (size before relaxing)
 .stab          0x000024a8      0x174 c:/program files (x86)/atmel/avr tools/avr toolchain/bin/../lib/gcc/avr/4.6.2/../../../../avr/lib/avr5\libc.a(atoi.o)
                                0x180 (size before relaxing)
 .stab          0x0000261c       0x9c c:/program files (x86)/atmel/avr tools/avr toolchain/bin/../lib/gcc/avr/4.6.2/../../../../avr/lib/avr5\libc.a(isspace.o)
                                 0xa8 (size before relaxing)
 .stab          0x000026b8       0x6c c:/program files (x86)/atmel/avr tools/avr toolchain/bin/../lib/gcc/avr/4.6.2/../../../../avr/lib/avr5\libc.a(strcpy_P.o)
                                 0x78 (size before relaxing)
 .stab          0x00002724       0x84 c:/program files (x86)/atmel/avr tools/avr toolchain/bin/../lib/gcc/avr/4.6.2/../../../../avr/lib/avr5\libc.a(memcpy.o)
                                 0x90 (size before relaxing)
 .stab          0x000027a8       0x6c c:/program files (x86)/atmel/avr tools/avr toolchain/bin/../lib/gcc/avr/4.6.2/../../../../avr/lib/avr5\libc.a(memset.o)
                                 0x78 (size before relaxing)
 .stab          0x00002814       0x84 c:/program files (x86)/atmel/avr tools/avr toolchain/bin/../lib/gcc/avr/4.6.2/../../../../avr/lib/avr5\libc.a(strcmp.o)
                                 0x90 (size before relaxing)
 .stab          0x00002898       0x6c c:/program files (x86)/atmel/avr tools/avr toolchain/bin/../lib/gcc/avr/4.6.2/../../../../avr/lib/avr5\libc.a(strcpy.o)
                                 0x78 (size before relaxing)
 .stab          0x00002904       0xcc c:/program files (x86)/atmel/avr tools/avr toolchain/bin/../lib/gcc/avr/4.6.2/../../../../avr/lib/avr5\libc.a(strncpy.o)
                                 0xd8 (size before relaxing)
 .stab          0x000029d0      0x150 c:/program files (x86)/atmel/avr tools/avr toolchain/bin/../lib/gcc/avr/4.6.2/../../../../avr/lib/avr5\libc.a(strstr.o)
                                0x15c (size before relaxing)
 .stab          0x00002b20      0x1b0 c:/program files (x86)/atmel/avr tools/avr toolchain/bin/../lib/gcc/avr/4.6.2/../../../../avr/lib/avr5\libc.a(itoa.o)
                                0x1bc (size before relaxing)
 .stab          0x00002cd0       0x78 c:/program files (x86)/atmel/avr tools/avr toolchain/bin/../lib/gcc/avr/4.6.2/../../../../avr/lib/avr5\libc.a(mul10.o)
                                 0x84 (size before relaxing)
 .stab          0x00002d48      0x108 c:/program files (x86)/atmel/avr tools/avr toolchain/bin/../lib/gcc/avr/4.6.2/../../../../avr/lib/avr5\libc.a(eerd_block_atmega328p.o)
                                0x114 (size before relaxing)
 .stab          0x00002e50       0x9c c:/program files (x86)/atmel/avr tools/avr toolchain/bin/../lib/gcc/avr/4.6.2/../../../../avr/lib/avr5\libc.a(eewr_block_atmega328p.o)
                                 0xa8 (size before relaxing)
 .stab          0x00002eec       0xe4 c:/program files (x86)/atmel/avr tools/avr toolchain/bin/../lib/gcc/avr/4.6.2/../../../../avr/lib/avr5\libc.a(eewr_byte_atmega328p.o)
                                 0xf0 (size before relaxing)
 .stab          0x00002fd0      0xa38 c:/program files (x86)/atmel/avr tools/avr toolchain/bin/../lib/gcc/avr/4.6.2/../../../../avr/lib/avr5\libc.a(ftoa_engine.o)
                                0xa44 (size before relaxing)
 .stab          0x00003a08       0x60 c:/program files (x86)/atmel/avr tools/avr toolchain/bin/../lib/gcc/avr/4.6.2/../../../../avr/lib/avr5\libc.a(cty_isfalse.o)
                                 0x6c (size before relaxing)
 .stab          0x00003a68       0x9c c:/program files (x86)/atmel/avr tools/avr toolchain/bin/../lib/gcc/avr/4.6.2/../../../../avr/lib/avr5\libc.a(strnlen_P.o)
                                 0xa8 (size before relaxing)
 .stab          0x00003b04       0x9c c:/program files (x86)/atmel/avr tools/avr toolchain/bin/../lib/gcc/avr/4.6.2/../../../../avr/lib/avr5\libc.a(strnlen.o)
                                 0xa8 (size before relaxing)
 .stab          0x00003ba0       0xd8 c:/program files (x86)/atmel/avr tools/avr toolchain/bin/../lib/gcc/avr/4.6.2/../../../../avr/lib/avr5\libc.a(strrev.o)
                                 0xe4 (size before relaxing)
 .stab          0x00003c78      0x480 c:/program files (x86)/atmel/avr tools/avr toolchain/bin/../lib/gcc/avr/4.6.2/../../../../avr/lib/avr5\libc.a(ultoa_invert.o)
                                0x48c (size before relaxing)

.stabstr        0x00000000     0x136f
 *(.stabstr)
 .stabstr       0x00000000     0x136f c:/program files (x86)/atmel/avr tools/avr toolchain/bin/../lib/gcc/avr/4.6.2/../../../../avr/lib/avr5/crtm328p.o

.stab.excl
 *(.stab.excl)

.stab.exclstr
 *(.stab.exclstr)

.stab.index
 *(.stab.index)

.stab.indexstr
 *(.stab.indexstr)

.comment
 *(.comment)

.debug
 *(.debug)

.line
 *(.line)

.debug_srcinfo
 *(.debug_srcinfo)

.debug_sfnames
 *(.debug_sfnames)

.debug_aranges  0x00000000      0x8a0
 *(.debug_aranges)
 .debug_aranges
                0x00000000       0x30 RxDuino.o
 .debug_aranges
                0x00000030       0x48 ../../../../Atmel Studio/Libs/ArduinoCore\libcore.a(wiring.c.o)
 .debug_aranges
                0x00000078       0x90 ../../../../Atmel Studio/Libs/ArduinoCore\libcore.a(HardwareSerial.cpp.o)
 .debug_aranges
                0x00000108       0x20 ../../../../Atmel Studio/Libs/ArduinoCore\libcore.a(main.cpp.o)
 .debug_aranges
                0x00000128       0xf0 ../../../../Atmel Studio/Libs/ArduinoCore\libcore.a(Print.cpp.o)
 .debug_aranges
                0x00000218      0x260 ../../../../Atmel Studio/Libs/ArduinoCore\libcore.a(WString.cpp.o)
 .debug_aranges
                0x00000478       0x20 ../../RxDuinoLibs/Debug\libRxduinoLibs.a(MCP2515.o)
 .debug_aranges
                0x00000498       0x20 ../../RxDuinoLibs/Debug\libRxduinoLibs.a(canbus_message.o)
 .debug_aranges
                0x000004b8       0x30 ../../RxDuinoLibs/Debug\libRxduinoLibs.a(clock_methods.o)
 .debug_aranges
                0x000004e8       0x20 ../../RxDuinoLibs/Debug\libRxduinoLibs.a(cruisecontrol_methods.o)
 .debug_aranges
                0x00000508       0x20 ../../RxDuinoLibs/Debug\libRxduinoLibs.a(debug_methods.o)
 .debug_aranges
                0x00000528       0x20 ../../RxDuinoLibs/Debug\libRxduinoLibs.a(lcd_methods.o)
 .debug_aranges
                0x00000548       0x20 ../../RxDuinoLibs/Debug\libRxduinoLibs.a(mil_methods.o)
 .debug_aranges
                0x00000568       0x20 ../../RxDuinoLibs/Debug\libRxduinoLibs.a(rxduino_methods.o)
 .debug_aranges
                0x00000588       0x20 ../../RxDuinoLibs/Debug\libRxduinoLibs.a(tpms_methods.o)
 .debug_aranges
                0x000005a8       0x20 ../../RxDuinoLibs/Debug\libRxduinoLibs.a(SPI.o)
 .debug_aranges
                0x000005c8       0x20 ../../RxDuinoLibs/Debug\libRxduinoLibs.a(can_methods.o)
 .debug_aranges
                0x000005e8       0x30 ../../../../Atmel Studio/Libs/ArduinoCore\libcore.a(wiring_digital.c.o)
 .debug_aranges
                0x00000618       0x20 c:/program files (x86)/atmel/avr tools/avr toolchain/bin/../lib/gcc/avr/4.6.2/avr5\libgcc.a(_mulsi3.o)
 .debug_aranges
                0x00000638       0x20 c:/program files (x86)/atmel/avr tools/avr toolchain/bin/../lib/gcc/avr/4.6.2/avr5\libgcc.a(_divmodhi4.o)
 .debug_aranges
                0x00000658       0x20 c:/program files (x86)/atmel/avr tools/avr toolchain/bin/../lib/gcc/avr/4.6.2/avr5\libgcc.a(_udivmodsi4.o)
 .debug_aranges
                0x00000678       0x20 c:/program files (x86)/atmel/avr tools/avr toolchain/bin/../lib/gcc/avr/4.6.2/avr5\libgcc.a(_exit.o)
 .debug_aranges
                0x00000698       0x20 c:/program files (x86)/atmel/avr tools/avr toolchain/bin/../lib/gcc/avr/4.6.2/avr5\libgcc.a(_copy_data.o)
 .debug_aranges
                0x000006b8       0x20 c:/program files (x86)/atmel/avr tools/avr toolchain/bin/../lib/gcc/avr/4.6.2/avr5\libgcc.a(_clear_bss.o)
 .debug_aranges
                0x000006d8       0x20 c:/program files (x86)/atmel/avr tools/avr toolchain/bin/../lib/gcc/avr/4.6.2/avr5\libgcc.a(_ctors.o)
 .debug_aranges
                0x000006f8       0x20 c:/program files (x86)/atmel/avr tools/avr toolchain/bin/../lib/gcc/avr/4.6.2/avr5\libgcc.a(_dtors.o)
 .debug_aranges
                0x00000718       0x20 c:/program files (x86)/atmel/avr tools/avr toolchain/bin/../lib/gcc/avr/4.6.2/avr5\libgcc.a(_udivmodhi4.o)
 .debug_aranges
                0x00000738       0x20 c:/program files (x86)/atmel/avr tools/avr toolchain/bin/../lib/gcc/avr/4.6.2/avr5\libgcc.a(_tablejump.o)
 .debug_aranges
                0x00000758       0x20 c:/program files (x86)/atmel/avr tools/avr toolchain/bin/../lib/gcc/avr/4.6.2/../../../../avr/lib/avr5\libc.a(dtostrf.o)
 .debug_aranges
                0x00000778       0x28 c:/program files (x86)/atmel/avr tools/avr toolchain/bin/../lib/gcc/avr/4.6.2/../../../../avr/lib/avr5\libc.a(malloc.o)
 .debug_aranges
                0x000007a0       0x20 c:/program files (x86)/atmel/avr tools/avr toolchain/bin/../lib/gcc/avr/4.6.2/../../../../avr/lib/avr5\libc.a(realloc.o)
 .debug_aranges
                0x000007c0       0x20 c:/program files (x86)/atmel/avr tools/avr toolchain/bin/../lib/gcc/avr/4.6.2/../../../../avr/lib/avr5\libc.a(sprintf.o)
 .debug_aranges
                0x000007e0       0x20 c:/program files (x86)/atmel/avr tools/avr toolchain/bin/../lib/gcc/avr/4.6.2/../../../../avr/lib/avr5\libc.a(vsnprintf.o)
 .debug_aranges
                0x00000800       0x20 c:/program files (x86)/atmel/avr tools/avr toolchain/bin/../lib/gcc/avr/4.6.2/../../../../avr/lib/avr5\libc.a(vfprintf_std.o)
 .debug_aranges
                0x00000820       0x20 c:/program files (x86)/atmel/avr tools/avr toolchain/bin/../lib/gcc/avr/4.6.2/../../../../avr/lib/avr5\libc.a(dtoa_prf.o)
 .debug_aranges
                0x00000840       0x20 c:/program files (x86)/atmel/avr tools/avr toolchain/bin/../lib/gcc/avr/4.6.2/../../../../avr/lib/avr5\libc.a(fputc.o)
 .debug_aranges
                0x00000860       0x20 c:/program files (x86)/atmel/avr tools/avr toolchain/bin/../lib/gcc/avr/4.6.2/avr5\libgcc.a(_prologue.o)
 .debug_aranges
                0x00000880       0x20 c:/program files (x86)/atmel/avr tools/avr toolchain/bin/../lib/gcc/avr/4.6.2/avr5\libgcc.a(_epilogue.o)

.debug_pubnames
                0x00000000      0xadb
 *(.debug_pubnames)
 .debug_pubnames
                0x00000000       0x8d ../../../../Atmel Studio/Libs/ArduinoCore\libcore.a(wiring.c.o)
 .debug_pubnames
                0x0000008d      0x19a ../../../../Atmel Studio/Libs/ArduinoCore\libcore.a(HardwareSerial.cpp.o)
 .debug_pubnames
                0x00000227       0x1b ../../../../Atmel Studio/Libs/ArduinoCore\libcore.a(main.cpp.o)
 .debug_pubnames
                0x00000242      0x200 ../../../../Atmel Studio/Libs/ArduinoCore\libcore.a(Print.cpp.o)
 .debug_pubnames
                0x00000442      0x5bf ../../../../Atmel Studio/Libs/ArduinoCore\libcore.a(WString.cpp.o)
 .debug_pubnames
                0x00000a01       0xda ../../../../Atmel Studio/Libs/ArduinoCore\libcore.a(wiring_digital.c.o)

.debug_info     0x00000000    0x113e4
 *(.debug_info)
 .debug_info    0x00000000     0x1b82 RxDuino.o
 .debug_info    0x00001b82      0x31c ../../../../Atmel Studio/Libs/ArduinoCore\libcore.a(wiring.c.o)
 .debug_info    0x00001e9e     0x1775 ../../../../Atmel Studio/Libs/ArduinoCore\libcore.a(HardwareSerial.cpp.o)
 .debug_info    0x00003613      0x14b ../../../../Atmel Studio/Libs/ArduinoCore\libcore.a(main.cpp.o)
 .debug_info    0x0000375e     0x1a77 ../../../../Atmel Studio/Libs/ArduinoCore\libcore.a(Print.cpp.o)
 .debug_info    0x000051d5     0x21c5 ../../../../Atmel Studio/Libs/ArduinoCore\libcore.a(WString.cpp.o)
 .debug_info    0x0000739a      0xc40 ../../RxDuinoLibs/Debug\libRxduinoLibs.a(MCP2515.o)
 .debug_info    0x00007fda     0x19c2 ../../RxDuinoLibs/Debug\libRxduinoLibs.a(canbus_message.o)
 .debug_info    0x0000999c     0x16d1 ../../RxDuinoLibs/Debug\libRxduinoLibs.a(clock_methods.o)
 .debug_info    0x0000b06d      0x6a8 ../../RxDuinoLibs/Debug\libRxduinoLibs.a(cruisecontrol_methods.o)
 .debug_info    0x0000b715      0x2f5 ../../RxDuinoLibs/Debug\libRxduinoLibs.a(debug_methods.o)
 .debug_info    0x0000ba0a     0x14c4 ../../RxDuinoLibs/Debug\libRxduinoLibs.a(lcd_methods.o)
 .debug_info    0x0000cece     0x140d ../../RxDuinoLibs/Debug\libRxduinoLibs.a(mil_methods.o)
 .debug_info    0x0000e2db      0x315 ../../RxDuinoLibs/Debug\libRxduinoLibs.a(rxduino_methods.o)
 .debug_info    0x0000e5f0      0x7f3 ../../RxDuinoLibs/Debug\libRxduinoLibs.a(tpms_methods.o)
 .debug_info    0x0000ede3      0x281 ../../RxDuinoLibs/Debug\libRxduinoLibs.a(SPI.o)
 .debug_info    0x0000f064      0x4d7 ../../RxDuinoLibs/Debug\libRxduinoLibs.a(can_methods.o)
 .debug_info    0x0000f53b      0x592 ../../../../Atmel Studio/Libs/ArduinoCore\libcore.a(wiring_digital.c.o)
 .debug_info    0x0000facd       0xdd c:/program files (x86)/atmel/avr tools/avr toolchain/bin/../lib/gcc/avr/4.6.2/avr5\libgcc.a(_mulsi3.o)
 .debug_info    0x0000fbaa       0xdd c:/program files (x86)/atmel/avr tools/avr toolchain/bin/../lib/gcc/avr/4.6.2/avr5\libgcc.a(_divmodhi4.o)
 .debug_info    0x0000fc87       0xdd c:/program files (x86)/atmel/avr tools/avr toolchain/bin/../lib/gcc/avr/4.6.2/avr5\libgcc.a(_udivmodsi4.o)
 .debug_info    0x0000fd64       0xdd c:/program files (x86)/atmel/avr tools/avr toolchain/bin/../lib/gcc/avr/4.6.2/avr5\libgcc.a(_exit.o)
 .debug_info    0x0000fe41       0xdd c:/program files (x86)/atmel/avr tools/avr toolchain/bin/../lib/gcc/avr/4.6.2/avr5\libgcc.a(_copy_data.o)
 .debug_info    0x0000ff1e       0xdd c:/program files (x86)/atmel/avr tools/avr toolchain/bin/../lib/gcc/avr/4.6.2/avr5\libgcc.a(_clear_bss.o)
 .debug_info    0x0000fffb       0xdd c:/program files (x86)/atmel/avr tools/avr toolchain/bin/../lib/gcc/avr/4.6.2/avr5\libgcc.a(_ctors.o)
 .debug_info    0x000100d8       0xdd c:/program files (x86)/atmel/avr tools/avr toolchain/bin/../lib/gcc/avr/4.6.2/avr5\libgcc.a(_dtors.o)
 .debug_info    0x000101b5       0xdd c:/program files (x86)/atmel/avr tools/avr toolchain/bin/../lib/gcc/avr/4.6.2/avr5\libgcc.a(_udivmodhi4.o)
 .debug_info    0x00010292       0xdd c:/program files (x86)/atmel/avr tools/avr toolchain/bin/../lib/gcc/avr/4.6.2/avr5\libgcc.a(_tablejump.o)
 .debug_info    0x0001036f       0xdb c:/program files (x86)/atmel/avr tools/avr toolchain/bin/../lib/gcc/avr/4.6.2/../../../../avr/lib/avr5\libc.a(dtostrf.o)
 .debug_info    0x0001044a      0x296 c:/program files (x86)/atmel/avr tools/avr toolchain/bin/../lib/gcc/avr/4.6.2/../../../../avr/lib/avr5\libc.a(malloc.o)
 .debug_info    0x000106e0      0x1da c:/program files (x86)/atmel/avr tools/avr toolchain/bin/../lib/gcc/avr/4.6.2/../../../../avr/lib/avr5\libc.a(realloc.o)
 .debug_info    0x000108ba      0x1b7 c:/program files (x86)/atmel/avr tools/avr toolchain/bin/../lib/gcc/avr/4.6.2/../../../../avr/lib/avr5\libc.a(sprintf.o)
 .debug_info    0x00010a71      0x1d4 c:/program files (x86)/atmel/avr tools/avr toolchain/bin/../lib/gcc/avr/4.6.2/../../../../avr/lib/avr5\libc.a(vsnprintf.o)
 .debug_info    0x00010c45      0x342 c:/program files (x86)/atmel/avr tools/avr toolchain/bin/../lib/gcc/avr/4.6.2/../../../../avr/lib/avr5\libc.a(vfprintf_std.o)
 .debug_info    0x00010f87      0x13c c:/program files (x86)/atmel/avr tools/avr toolchain/bin/../lib/gcc/avr/4.6.2/../../../../avr/lib/avr5\libc.a(dtoa_prf.o)
 .debug_info    0x000110c3      0x167 c:/program files (x86)/atmel/avr tools/avr toolchain/bin/../lib/gcc/avr/4.6.2/../../../../avr/lib/avr5\libc.a(fputc.o)
 .debug_info    0x0001122a       0xdd c:/program files (x86)/atmel/avr tools/avr toolchain/bin/../lib/gcc/avr/4.6.2/avr5\libgcc.a(_prologue.o)
 .debug_info    0x00011307       0xdd c:/program files (x86)/atmel/avr tools/avr toolchain/bin/../lib/gcc/avr/4.6.2/avr5\libgcc.a(_epilogue.o)
 *(.gnu.linkonce.wi.*)

.debug_abbrev   0x00000000     0x3490
 *(.debug_abbrev)
 .debug_abbrev  0x00000000      0x455 RxDuino.o
 .debug_abbrev  0x00000455      0x17d ../../../../Atmel Studio/Libs/ArduinoCore\libcore.a(wiring.c.o)
 .debug_abbrev  0x000005d2      0x438 ../../../../Atmel Studio/Libs/ArduinoCore\libcore.a(HardwareSerial.cpp.o)
 .debug_abbrev  0x00000a0a       0x7a ../../../../Atmel Studio/Libs/ArduinoCore\libcore.a(main.cpp.o)
 .debug_abbrev  0x00000a84      0x336 ../../../../Atmel Studio/Libs/ArduinoCore\libcore.a(Print.cpp.o)
 .debug_abbrev  0x00000dba      0x343 ../../../../Atmel Studio/Libs/ArduinoCore\libcore.a(WString.cpp.o)
 .debug_abbrev  0x000010fd      0x2de ../../RxDuinoLibs/Debug\libRxduinoLibs.a(MCP2515.o)
 .debug_abbrev  0x000013db      0x43b ../../RxDuinoLibs/Debug\libRxduinoLibs.a(canbus_message.o)
 .debug_abbrev  0x00001816      0x39b ../../RxDuinoLibs/Debug\libRxduinoLibs.a(clock_methods.o)
 .debug_abbrev  0x00001bb1      0x205 ../../RxDuinoLibs/Debug\libRxduinoLibs.a(cruisecontrol_methods.o)
 .debug_abbrev  0x00001db6      0x186 ../../RxDuinoLibs/Debug\libRxduinoLibs.a(debug_methods.o)
 .debug_abbrev  0x00001f3c      0x2df ../../RxDuinoLibs/Debug\libRxduinoLibs.a(lcd_methods.o)
 .debug_abbrev  0x0000221b      0x2d1 ../../RxDuinoLibs/Debug\libRxduinoLibs.a(mil_methods.o)
 .debug_abbrev  0x000024ec      0x103 ../../RxDuinoLibs/Debug\libRxduinoLibs.a(rxduino_methods.o)
 .debug_abbrev  0x000025ef      0x228 ../../RxDuinoLibs/Debug\libRxduinoLibs.a(tpms_methods.o)
 .debug_abbrev  0x00002817      0x125 ../../RxDuinoLibs/Debug\libRxduinoLibs.a(SPI.o)
 .debug_abbrev  0x0000293c      0x1e9 ../../RxDuinoLibs/Debug\libRxduinoLibs.a(can_methods.o)
 .debug_abbrev  0x00002b25      0x177 ../../../../Atmel Studio/Libs/ArduinoCore\libcore.a(wiring_digital.c.o)
 .debug_abbrev  0x00002c9c       0x14 c:/program files (x86)/atmel/avr tools/avr toolchain/bin/../lib/gcc/avr/4.6.2/avr5\libgcc.a(_mulsi3.o)
 .debug_abbrev  0x00002cb0       0x14 c:/program files (x86)/atmel/avr tools/avr toolchain/bin/../lib/gcc/avr/4.6.2/avr5\libgcc.a(_divmodhi4.o)
 .debug_abbrev  0x00002cc4       0x14 c:/program files (x86)/atmel/avr tools/avr toolchain/bin/../lib/gcc/avr/4.6.2/avr5\libgcc.a(_udivmodsi4.o)
 .debug_abbrev  0x00002cd8       0x14 c:/program files (x86)/atmel/avr tools/avr toolchain/bin/../lib/gcc/avr/4.6.2/avr5\libgcc.a(_exit.o)
 .debug_abbrev  0x00002cec       0x14 c:/program files (x86)/atmel/avr tools/avr toolchain/bin/../lib/gcc/avr/4.6.2/avr5\libgcc.a(_copy_data.o)
 .debug_abbrev  0x00002d00       0x14 c:/program files (x86)/atmel/avr tools/avr toolchain/bin/../lib/gcc/avr/4.6.2/avr5\libgcc.a(_clear_bss.o)
 .debug_abbrev  0x00002d14       0x14 c:/program files (x86)/atmel/avr tools/avr toolchain/bin/../lib/gcc/avr/4.6.2/avr5\libgcc.a(_ctors.o)
 .debug_abbrev  0x00002d28       0x14 c:/program files (x86)/atmel/avr tools/avr toolchain/bin/../lib/gcc/avr/4.6.2/avr5\libgcc.a(_dtors.o)
 .debug_abbrev  0x00002d3c       0x14 c:/program files (x86)/atmel/avr tools/avr toolchain/bin/../lib/gcc/avr/4.6.2/avr5\libgcc.a(_udivmodhi4.o)
 .debug_abbrev  0x00002d50       0x14 c:/program files (x86)/atmel/avr tools/avr toolchain/bin/../lib/gcc/avr/4.6.2/avr5\libgcc.a(_tablejump.o)
 .debug_abbrev  0x00002d64       0x79 c:/program files (x86)/atmel/avr tools/avr toolchain/bin/../lib/gcc/avr/4.6.2/../../../../avr/lib/avr5\libc.a(dtostrf.o)
 .debug_abbrev  0x00002ddd       0xf5 c:/program files (x86)/atmel/avr tools/avr toolchain/bin/../lib/gcc/avr/4.6.2/../../../../avr/lib/avr5\libc.a(malloc.o)
 .debug_abbrev  0x00002ed2       0xcd c:/program files (x86)/atmel/avr tools/avr toolchain/bin/../lib/gcc/avr/4.6.2/../../../../avr/lib/avr5\libc.a(realloc.o)
 .debug_abbrev  0x00002f9f       0xfd c:/program files (x86)/atmel/avr tools/avr toolchain/bin/../lib/gcc/avr/4.6.2/../../../../avr/lib/avr5\libc.a(sprintf.o)
 .debug_abbrev  0x0000309c       0xeb c:/program files (x86)/atmel/avr tools/avr toolchain/bin/../lib/gcc/avr/4.6.2/../../../../avr/lib/avr5\libc.a(vsnprintf.o)
 .debug_abbrev  0x00003187      0x161 c:/program files (x86)/atmel/avr tools/avr toolchain/bin/../lib/gcc/avr/4.6.2/../../../../avr/lib/avr5\libc.a(vfprintf_std.o)
 .debug_abbrev  0x000032e8       0xa7 c:/program files (x86)/atmel/avr tools/avr toolchain/bin/../lib/gcc/avr/4.6.2/../../../../avr/lib/avr5\libc.a(dtoa_prf.o)
 .debug_abbrev  0x0000338f       0xd9 c:/program files (x86)/atmel/avr tools/avr toolchain/bin/../lib/gcc/avr/4.6.2/../../../../avr/lib/avr5\libc.a(fputc.o)
 .debug_abbrev  0x00003468       0x14 c:/program files (x86)/atmel/avr tools/avr toolchain/bin/../lib/gcc/avr/4.6.2/avr5\libgcc.a(_prologue.o)
 .debug_abbrev  0x0000347c       0x14 c:/program files (x86)/atmel/avr tools/avr toolchain/bin/../lib/gcc/avr/4.6.2/avr5\libgcc.a(_epilogue.o)

.debug_line     0x00000000     0x5675
 *(.debug_line)
 .debug_line    0x00000000      0x3cb RxDuino.o
 .debug_line    0x000003cb      0x38d ../../../../Atmel Studio/Libs/ArduinoCore\libcore.a(wiring.c.o)
 .debug_line    0x00000758      0x664 ../../../../Atmel Studio/Libs/ArduinoCore\libcore.a(HardwareSerial.cpp.o)
 .debug_line    0x00000dbc      0x147 ../../../../Atmel Studio/Libs/ArduinoCore\libcore.a(main.cpp.o)
 .debug_line    0x00000f03      0x6f9 ../../../../Atmel Studio/Libs/ArduinoCore\libcore.a(Print.cpp.o)
 .debug_line    0x000015fc     0x1136 ../../../../Atmel Studio/Libs/ArduinoCore\libcore.a(WString.cpp.o)
 .debug_line    0x00002732      0x397 ../../RxDuinoLibs/Debug\libRxduinoLibs.a(MCP2515.o)
 .debug_line    0x00002ac9      0x346 ../../RxDuinoLibs/Debug\libRxduinoLibs.a(canbus_message.o)
 .debug_line    0x00002e0f      0x2b8 ../../RxDuinoLibs/Debug\libRxduinoLibs.a(clock_methods.o)
 .debug_line    0x000030c7      0x1e3 ../../RxDuinoLibs/Debug\libRxduinoLibs.a(cruisecontrol_methods.o)
 .debug_line    0x000032aa      0x22f ../../RxDuinoLibs/Debug\libRxduinoLibs.a(debug_methods.o)
 .debug_line    0x000034d9      0x236 ../../RxDuinoLibs/Debug\libRxduinoLibs.a(lcd_methods.o)
 .debug_line    0x0000370f      0x23f ../../RxDuinoLibs/Debug\libRxduinoLibs.a(mil_methods.o)
 .debug_line    0x0000394e      0x1ac ../../RxDuinoLibs/Debug\libRxduinoLibs.a(rxduino_methods.o)
 .debug_line    0x00003afa      0x1c8 ../../RxDuinoLibs/Debug\libRxduinoLibs.a(tpms_methods.o)
 .debug_line    0x00003cc2      0x169 ../../RxDuinoLibs/Debug\libRxduinoLibs.a(SPI.o)
 .debug_line    0x00003e2b      0x204 ../../RxDuinoLibs/Debug\libRxduinoLibs.a(can_methods.o)
 .debug_line    0x0000402f      0x301 ../../../../Atmel Studio/Libs/ArduinoCore\libcore.a(wiring_digital.c.o)
 .debug_line    0x00004330       0xa5 c:/program files (x86)/atmel/avr tools/avr toolchain/bin/../lib/gcc/avr/4.6.2/avr5\libgcc.a(_mulsi3.o)
 .debug_line    0x000043d5       0x99 c:/program files (x86)/atmel/avr tools/avr toolchain/bin/../lib/gcc/avr/4.6.2/avr5\libgcc.a(_divmodhi4.o)
 .debug_line    0x0000446e       0xa8 c:/program files (x86)/atmel/avr tools/avr toolchain/bin/../lib/gcc/avr/4.6.2/avr5\libgcc.a(_udivmodsi4.o)
 .debug_line    0x00004516       0x88 c:/program files (x86)/atmel/avr tools/avr toolchain/bin/../lib/gcc/avr/4.6.2/avr5\libgcc.a(_exit.o)
 .debug_line    0x0000459e       0x91 c:/program files (x86)/atmel/avr tools/avr toolchain/bin/../lib/gcc/avr/4.6.2/avr5\libgcc.a(_copy_data.o)
 .debug_line    0x0000462f       0x8e c:/program files (x86)/atmel/avr tools/avr toolchain/bin/../lib/gcc/avr/4.6.2/avr5\libgcc.a(_clear_bss.o)
 .debug_line    0x000046bd       0x90 c:/program files (x86)/atmel/avr tools/avr toolchain/bin/../lib/gcc/avr/4.6.2/avr5\libgcc.a(_ctors.o)
 .debug_line    0x0000474d       0x90 c:/program files (x86)/atmel/avr tools/avr toolchain/bin/../lib/gcc/avr/4.6.2/avr5\libgcc.a(_dtors.o)
 .debug_line    0x000047dd       0x9a c:/program files (x86)/atmel/avr tools/avr toolchain/bin/../lib/gcc/avr/4.6.2/avr5\libgcc.a(_udivmodhi4.o)
 .debug_line    0x00004877       0x8c c:/program files (x86)/atmel/avr tools/avr toolchain/bin/../lib/gcc/avr/4.6.2/avr5\libgcc.a(_tablejump.o)
 .debug_line    0x00004903       0x8a c:/program files (x86)/atmel/avr tools/avr toolchain/bin/../lib/gcc/avr/4.6.2/../../../../avr/lib/avr5\libc.a(dtostrf.o)
 .debug_line    0x0000498d      0x1d3 c:/program files (x86)/atmel/avr tools/avr toolchain/bin/../lib/gcc/avr/4.6.2/../../../../avr/lib/avr5\libc.a(malloc.o)
 .debug_line    0x00004b60      0x1b2 c:/program files (x86)/atmel/avr tools/avr toolchain/bin/../lib/gcc/avr/4.6.2/../../../../avr/lib/avr5\libc.a(realloc.o)
 .debug_line    0x00004d12      0x157 c:/program files (x86)/atmel/avr tools/avr toolchain/bin/../lib/gcc/avr/4.6.2/../../../../avr/lib/avr5\libc.a(sprintf.o)
 .debug_line    0x00004e69      0x167 c:/program files (x86)/atmel/avr tools/avr toolchain/bin/../lib/gcc/avr/4.6.2/../../../../avr/lib/avr5\libc.a(vsnprintf.o)
 .debug_line    0x00004fd0      0x290 c:/program files (x86)/atmel/avr tools/avr toolchain/bin/../lib/gcc/avr/4.6.2/../../../../avr/lib/avr5\libc.a(vfprintf_std.o)
 .debug_line    0x00005260      0x1f1 c:/program files (x86)/atmel/avr tools/avr toolchain/bin/../lib/gcc/avr/4.6.2/../../../../avr/lib/avr5\libc.a(dtoa_prf.o)
 .debug_line    0x00005451       0xe1 c:/program files (x86)/atmel/avr tools/avr toolchain/bin/../lib/gcc/avr/4.6.2/../../../../avr/lib/avr5\libc.a(fputc.o)
 .debug_line    0x00005532       0xa2 c:/program files (x86)/atmel/avr tools/avr toolchain/bin/../lib/gcc/avr/4.6.2/avr5\libgcc.a(_prologue.o)
 .debug_line    0x000055d4       0xa1 c:/program files (x86)/atmel/avr tools/avr toolchain/bin/../lib/gcc/avr/4.6.2/avr5\libgcc.a(_epilogue.o)

.debug_frame    0x00000000     0x1890
 *(.debug_frame)
 .debug_frame   0x00000000      0x238 RxDuino.o
 .debug_frame   0x00000238       0x70 ../../../../Atmel Studio/Libs/ArduinoCore\libcore.a(wiring.c.o)
 .debug_frame   0x000002a8      0x100 ../../../../Atmel Studio/Libs/ArduinoCore\libcore.a(HardwareSerial.cpp.o)
 .debug_frame   0x000003a8       0x20 ../../../../Atmel Studio/Libs/ArduinoCore\libcore.a(main.cpp.o)
 .debug_frame   0x000003c8      0x1c0 ../../../../Atmel Studio/Libs/ArduinoCore\libcore.a(Print.cpp.o)
 .debug_frame   0x00000588      0x4a0 ../../../../Atmel Studio/Libs/ArduinoCore\libcore.a(WString.cpp.o)
 .debug_frame   0x00000a28      0x390 ../../RxDuinoLibs/Debug\libRxduinoLibs.a(MCP2515.o)
 .debug_frame   0x00000db8      0x1d0 ../../RxDuinoLibs/Debug\libRxduinoLibs.a(canbus_message.o)
 .debug_frame   0x00000f88      0x144 ../../RxDuinoLibs/Debug\libRxduinoLibs.a(clock_methods.o)
 .debug_frame   0x000010cc       0x98 ../../RxDuinoLibs/Debug\libRxduinoLibs.a(cruisecontrol_methods.o)
 .debug_frame   0x00001164       0x58 ../../RxDuinoLibs/Debug\libRxduinoLibs.a(debug_methods.o)
 .debug_frame   0x000011bc      0x190 ../../RxDuinoLibs/Debug\libRxduinoLibs.a(lcd_methods.o)
 .debug_frame   0x0000134c       0xd0 ../../RxDuinoLibs/Debug\libRxduinoLibs.a(mil_methods.o)
 .debug_frame   0x0000141c       0x74 ../../RxDuinoLibs/Debug\libRxduinoLibs.a(rxduino_methods.o)
 .debug_frame   0x00001490      0x104 ../../RxDuinoLibs/Debug\libRxduinoLibs.a(tpms_methods.o)
 .debug_frame   0x00001594       0x64 ../../RxDuinoLibs/Debug\libRxduinoLibs.a(SPI.o)
 .debug_frame   0x000015f8       0x64 ../../RxDuinoLibs/Debug\libRxduinoLibs.a(can_methods.o)
 .debug_frame   0x0000165c       0x40 ../../../../Atmel Studio/Libs/ArduinoCore\libcore.a(wiring_digital.c.o)
 .debug_frame   0x0000169c       0x38 c:/program files (x86)/atmel/avr tools/avr toolchain/bin/../lib/gcc/avr/4.6.2/../../../../avr/lib/avr5\libc.a(dtostrf.o)
 .debug_frame   0x000016d4       0x54 c:/program files (x86)/atmel/avr tools/avr toolchain/bin/../lib/gcc/avr/4.6.2/../../../../avr/lib/avr5\libc.a(malloc.o)
 .debug_frame   0x00001728       0x40 c:/program files (x86)/atmel/avr tools/avr toolchain/bin/../lib/gcc/avr/4.6.2/../../../../avr/lib/avr5\libc.a(realloc.o)
 .debug_frame   0x00001768       0x30 c:/program files (x86)/atmel/avr tools/avr toolchain/bin/../lib/gcc/avr/4.6.2/../../../../avr/lib/avr5\libc.a(sprintf.o)
 .debug_frame   0x00001798       0x30 c:/program files (x86)/atmel/avr tools/avr toolchain/bin/../lib/gcc/avr/4.6.2/../../../../avr/lib/avr5\libc.a(vsnprintf.o)
 .debug_frame   0x000017c8       0x4c c:/program files (x86)/atmel/avr tools/avr toolchain/bin/../lib/gcc/avr/4.6.2/../../../../avr/lib/avr5\libc.a(vfprintf_std.o)
 .debug_frame   0x00001814       0x44 c:/program files (x86)/atmel/avr tools/avr toolchain/bin/../lib/gcc/avr/4.6.2/../../../../avr/lib/avr5\libc.a(dtoa_prf.o)
 .debug_frame   0x00001858       0x38 c:/program files (x86)/atmel/avr tools/avr toolchain/bin/../lib/gcc/avr/4.6.2/../../../../avr/lib/avr5\libc.a(fputc.o)

.debug_str      0x00000000     0x2f07
 *(.debug_str)
 .debug_str     0x00000000      0xfc2 RxDuino.o
                               0x106f (size before relaxing)
 .debug_str     0x00000fc2       0xa3 ../../../../Atmel Studio/Libs/ArduinoCore\libcore.a(wiring.c.o)
                                0x14e (size before relaxing)
 .debug_str     0x00001065      0x50c ../../../../Atmel Studio/Libs/ArduinoCore\libcore.a(HardwareSerial.cpp.o)
                                0xd63 (size before relaxing)
 .debug_str     0x00001571       0x3e ../../../../Atmel Studio/Libs/ArduinoCore\libcore.a(main.cpp.o)
                                 0xe1 (size before relaxing)
 .debug_str     0x000015af      0x3ba ../../../../Atmel Studio/Libs/ArduinoCore\libcore.a(Print.cpp.o)
                                0xbeb (size before relaxing)
 .debug_str     0x00001969      0x1ad ../../../../Atmel Studio/Libs/ArduinoCore\libcore.a(WString.cpp.o)
                                0x987 (size before relaxing)
 .debug_str     0x00001b16      0x2e4 ../../RxDuinoLibs/Debug\libRxduinoLibs.a(MCP2515.o)
                                0x719 (size before relaxing)
 .debug_str     0x00001dfa      0x298 ../../RxDuinoLibs/Debug\libRxduinoLibs.a(canbus_message.o)
                                0xebd (size before relaxing)
 .debug_str     0x00002092      0x1d5 ../../RxDuinoLibs/Debug\libRxduinoLibs.a(clock_methods.o)
                                0xe29 (size before relaxing)
 .debug_str     0x00002267       0xc1 ../../RxDuinoLibs/Debug\libRxduinoLibs.a(cruisecontrol_methods.o)
                                0x541 (size before relaxing)
 .debug_str     0x00002328       0xb3 ../../RxDuinoLibs/Debug\libRxduinoLibs.a(debug_methods.o)
                                0x227 (size before relaxing)
 .debug_str     0x000023db      0x189 ../../RxDuinoLibs/Debug\libRxduinoLibs.a(lcd_methods.o)
                                0xd5b (size before relaxing)
 .debug_str     0x00002564       0xee ../../RxDuinoLibs/Debug\libRxduinoLibs.a(mil_methods.o)
                                0xcb4 (size before relaxing)
 .debug_str     0x00002652      0x13c ../../RxDuinoLibs/Debug\libRxduinoLibs.a(rxduino_methods.o)
                                0x3a5 (size before relaxing)
 .debug_str     0x0000278e       0xf9 ../../RxDuinoLibs/Debug\libRxduinoLibs.a(tpms_methods.o)
                                0x58c (size before relaxing)
 .debug_str     0x00002887       0x61 ../../RxDuinoLibs/Debug\libRxduinoLibs.a(SPI.o)
                                0x289 (size before relaxing)
 .debug_str     0x000028e8      0x14a ../../RxDuinoLibs/Debug\libRxduinoLibs.a(can_methods.o)
                                0x2ca (size before relaxing)
 .debug_str     0x00002a32       0xfb ../../../../Atmel Studio/Libs/ArduinoCore\libcore.a(wiring_digital.c.o)
                                0x1b9 (size before relaxing)
 .debug_str     0x00002b2d       0x77 c:/program files (x86)/atmel/avr tools/avr toolchain/bin/../lib/gcc/avr/4.6.2/../../../../avr/lib/avr5\libc.a(dtostrf.o)
                                 0xf0 (size before relaxing)
 .debug_str     0x00002ba4       0xe2 c:/program files (x86)/atmel/avr tools/avr toolchain/bin/../lib/gcc/avr/4.6.2/../../../../avr/lib/avr5\libc.a(malloc.o)
                                0x16a (size before relaxing)
 .debug_str     0x00002c86       0x6a c:/program files (x86)/atmel/avr tools/avr toolchain/bin/../lib/gcc/avr/4.6.2/../../../../avr/lib/avr5\libc.a(realloc.o)
                                0x12e (size before relaxing)
 .debug_str     0x00002cf0       0x6d c:/program files (x86)/atmel/avr tools/avr toolchain/bin/../lib/gcc/avr/4.6.2/../../../../avr/lib/avr5\libc.a(sprintf.o)
                                0x121 (size before relaxing)
 .debug_str     0x00002d5d       0x5e c:/program files (x86)/atmel/avr tools/avr toolchain/bin/../lib/gcc/avr/4.6.2/../../../../avr/lib/avr5\libc.a(vsnprintf.o)
                                0x12c (size before relaxing)
 .debug_str     0x00002dbb       0x88 c:/program files (x86)/atmel/avr tools/avr toolchain/bin/../lib/gcc/avr/4.6.2/../../../../avr/lib/avr5\libc.a(vfprintf_std.o)
                                0x16b (size before relaxing)
 .debug_str     0x00002e43       0x6e c:/program files (x86)/atmel/avr tools/avr toolchain/bin/../lib/gcc/avr/4.6.2/../../../../avr/lib/avr5\libc.a(dtoa_prf.o)
                                 0xfe (size before relaxing)
 .debug_str     0x00002eb1       0x56 c:/program files (x86)/atmel/avr tools/avr toolchain/bin/../lib/gcc/avr/4.6.2/../../../../avr/lib/avr5\libc.a(fputc.o)
                                 0xfb (size before relaxing)

.debug_loc      0x00000000     0x88f9
 *(.debug_loc)
 .debug_loc     0x00000000      0x64a RxDuino.o
 .debug_loc     0x0000064a      0x16d ../../../../Atmel Studio/Libs/ArduinoCore\libcore.a(wiring.c.o)
 .debug_loc     0x000007b7      0x37c ../../../../Atmel Studio/Libs/ArduinoCore\libcore.a(HardwareSerial.cpp.o)
 .debug_loc     0x00000b33      0xd88 ../../../../Atmel Studio/Libs/ArduinoCore\libcore.a(Print.cpp.o)
 .debug_loc     0x000018bb     0x1f05 ../../../../Atmel Studio/Libs/ArduinoCore\libcore.a(WString.cpp.o)
 .debug_loc     0x000037c0     0x122a ../../RxDuinoLibs/Debug\libRxduinoLibs.a(MCP2515.o)
 .debug_loc     0x000049ea      0xf9d ../../RxDuinoLibs/Debug\libRxduinoLibs.a(canbus_message.o)
 .debug_loc     0x00005987      0x436 ../../RxDuinoLibs/Debug\libRxduinoLibs.a(clock_methods.o)
 .debug_loc     0x00005dbd      0x2ee ../../RxDuinoLibs/Debug\libRxduinoLibs.a(cruisecontrol_methods.o)
 .debug_loc     0x000060ab       0xe9 ../../RxDuinoLibs/Debug\libRxduinoLibs.a(debug_methods.o)
 .debug_loc     0x00006194      0x71f ../../RxDuinoLibs/Debug\libRxduinoLibs.a(lcd_methods.o)
 .debug_loc     0x000068b3      0x4ea ../../RxDuinoLibs/Debug\libRxduinoLibs.a(mil_methods.o)
 .debug_loc     0x00006d9d      0x444 ../../RxDuinoLibs/Debug\libRxduinoLibs.a(tpms_methods.o)
 .debug_loc     0x000071e1       0x31 ../../RxDuinoLibs/Debug\libRxduinoLibs.a(SPI.o)
 .debug_loc     0x00007212      0x2e2 ../../RxDuinoLibs/Debug\libRxduinoLibs.a(can_methods.o)
 .debug_loc     0x000074f4      0x15e ../../../../Atmel Studio/Libs/ArduinoCore\libcore.a(wiring_digital.c.o)
 .debug_loc     0x00007652       0xd9 c:/program files (x86)/atmel/avr tools/avr toolchain/bin/../lib/gcc/avr/4.6.2/../../../../avr/lib/avr5\libc.a(dtostrf.o)
 .debug_loc     0x0000772b      0x421 c:/program files (x86)/atmel/avr tools/avr toolchain/bin/../lib/gcc/avr/4.6.2/../../../../avr/lib/avr5\libc.a(malloc.o)
 .debug_loc     0x00007b4c      0x331 c:/program files (x86)/atmel/avr tools/avr toolchain/bin/../lib/gcc/avr/4.6.2/../../../../avr/lib/avr5\libc.a(realloc.o)
 .debug_loc     0x00007e7d       0x21 c:/program files (x86)/atmel/avr tools/avr toolchain/bin/../lib/gcc/avr/4.6.2/../../../../avr/lib/avr5\libc.a(sprintf.o)
 .debug_loc     0x00007e9e       0xbf c:/program files (x86)/atmel/avr tools/avr toolchain/bin/../lib/gcc/avr/4.6.2/../../../../avr/lib/avr5\libc.a(vsnprintf.o)
 .debug_loc     0x00007f5d      0x4fb c:/program files (x86)/atmel/avr tools/avr toolchain/bin/../lib/gcc/avr/4.6.2/../../../../avr/lib/avr5\libc.a(vfprintf_std.o)
 .debug_loc     0x00008458      0x408 c:/program files (x86)/atmel/avr tools/avr toolchain/bin/../lib/gcc/avr/4.6.2/../../../../avr/lib/avr5\libc.a(dtoa_prf.o)
 .debug_loc     0x00008860       0x99 c:/program files (x86)/atmel/avr tools/avr toolchain/bin/../lib/gcc/avr/4.6.2/../../../../avr/lib/avr5\libc.a(fputc.o)

.debug_macinfo
 *(.debug_macinfo)
OUTPUT(RxDuino.elf elf32-avr)
LOAD linker stubs

.debug_ranges   0x00000000      0x648
 .debug_ranges  0x00000000       0x50 RxDuino.o
 .debug_ranges  0x00000050       0x40 ../../../../Atmel Studio/Libs/ArduinoCore\libcore.a(wiring.c.o)
 .debug_ranges  0x00000090       0x88 ../../../../Atmel Studio/Libs/ArduinoCore\libcore.a(HardwareSerial.cpp.o)
 .debug_ranges  0x00000118       0x18 ../../../../Atmel Studio/Libs/ArduinoCore\libcore.a(main.cpp.o)
 .debug_ranges  0x00000130       0xe8 ../../../../Atmel Studio/Libs/ArduinoCore\libcore.a(Print.cpp.o)
 .debug_ranges  0x00000218      0x270 ../../../../Atmel Studio/Libs/ArduinoCore\libcore.a(WString.cpp.o)
 .debug_ranges  0x00000488       0x48 ../../RxDuinoLibs/Debug\libRxduinoLibs.a(MCP2515.o)
 .debug_ranges  0x000004d0       0x90 ../../RxDuinoLibs/Debug\libRxduinoLibs.a(canbus_message.o)
 .debug_ranges  0x00000560       0x20 ../../RxDuinoLibs/Debug\libRxduinoLibs.a(clock_methods.o)
 .debug_ranges  0x00000580       0x18 ../../RxDuinoLibs/Debug\libRxduinoLibs.a(can_methods.o)
 .debug_ranges  0x00000598       0x28 ../../../../Atmel Studio/Libs/ArduinoCore\libcore.a(wiring_digital.c.o)
 .debug_ranges  0x000005c0       0x10 c:/program files (x86)/atmel/avr tools/avr toolchain/bin/../lib/gcc/avr/4.6.2/../../../../avr/lib/avr5\libc.a(dtostrf.o)
 .debug_ranges  0x000005d0       0x18 c:/program files (x86)/atmel/avr tools/avr toolchain/bin/../lib/gcc/avr/4.6.2/../../../../avr/lib/avr5\libc.a(malloc.o)
 .debug_ranges  0x000005e8       0x10 c:/program files (x86)/atmel/avr tools/avr toolchain/bin/../lib/gcc/avr/4.6.2/../../../../avr/lib/avr5\libc.a(realloc.o)
 .debug_ranges  0x000005f8       0x10 c:/program files (x86)/atmel/avr tools/avr toolchain/bin/../lib/gcc/avr/4.6.2/../../../../avr/lib/avr5\libc.a(sprintf.o)
 .debug_ranges  0x00000608       0x10 c:/program files (x86)/atmel/avr tools/avr toolchain/bin/../lib/gcc/avr/4.6.2/../../../../avr/lib/avr5\libc.a(vsnprintf.o)
 .debug_ranges  0x00000618       0x10 c:/program files (x86)/atmel/avr tools/avr toolchain/bin/../lib/gcc/avr/4.6.2/../../../../avr/lib/avr5\libc.a(vfprintf_std.o)
 .debug_ranges  0x00000628       0x10 c:/program files (x86)/atmel/avr tools/avr toolchain/bin/../lib/gcc/avr/4.6.2/../../../../avr/lib/avr5\libc.a(dtoa_prf.o)
 .debug_ranges  0x00000638       0x10 c:/program files (x86)/atmel/avr tools/avr toolchain/bin/../lib/gcc/avr/4.6.2/../../../../avr/lib/avr5\libc.a(fputc.o)
